Archive member included to satisfy reference by file (symbol)

../../../LMX2694/software/lmx2694_lib\liblmx2694_lib.a(lmx2694Handler.o)
                              obj/default/main.o (lmx2694_Handler::lmx2694_Handler())
../../../LMX2694/software/lmx2694_lib\liblmx2694_lib.a(PLLLOCKEDCAPTURE.o)
                              ../../../LMX2694/software/lmx2694_lib\liblmx2694_lib.a(lmx2694Handler.o) (PLL_LOCKED_CAPTURE::PLL_LOCKED_CAPTURE())
../../../LMX2694/software/lmx2694_lib\liblmx2694_lib.a(SPIHandler.o)
                              ../../../LMX2694/software/lmx2694_lib\liblmx2694_lib.a(lmx2694Handler.o) (SPI_Handler::SPI_Handler())
c:/intelfpga_lite/20.1/nios2eds/bin/gnu/h-x86_64-mingw32/bin/../lib/gcc/nios2-elf/9.2.1/../../../../../H-x86_64-mingw32/nios2-elf/lib/mno-hw-mul\libstdc++.a(class_type_info.o)
                              ../../../LMX2694/software/lmx2694_lib\liblmx2694_lib.a(PLLLOCKEDCAPTURE.o) (vtable for __cxxabiv1::__class_type_info)
c:/intelfpga_lite/20.1/nios2eds/bin/gnu/h-x86_64-mingw32/bin/../lib/gcc/nios2-elf/9.2.1/../../../../../H-x86_64-mingw32/nios2-elf/lib/mno-hw-mul\libstdc++.a(del_ops.o)
                              ../../../LMX2694/software/lmx2694_lib\liblmx2694_lib.a(lmx2694Handler.o) (operator delete(void*, unsigned int))
c:/intelfpga_lite/20.1/nios2eds/bin/gnu/h-x86_64-mingw32/bin/../lib/gcc/nios2-elf/9.2.1/../../../../../H-x86_64-mingw32/nios2-elf/lib/mno-hw-mul\libstdc++.a(si_class_type_info.o)
                              c:/intelfpga_lite/20.1/nios2eds/bin/gnu/h-x86_64-mingw32/bin/../lib/gcc/nios2-elf/9.2.1/../../../../../H-x86_64-mingw32/nios2-elf/lib/mno-hw-mul\libstdc++.a(class_type_info.o) (vtable for __cxxabiv1::__si_class_type_info)
c:/intelfpga_lite/20.1/nios2eds/bin/gnu/h-x86_64-mingw32/bin/../lib/gcc/nios2-elf/9.2.1/../../../../../H-x86_64-mingw32/nios2-elf/lib/mno-hw-mul\libstdc++.a(tinfo.o)
                              c:/intelfpga_lite/20.1/nios2eds/bin/gnu/h-x86_64-mingw32/bin/../lib/gcc/nios2-elf/9.2.1/../../../../../H-x86_64-mingw32/nios2-elf/lib/mno-hw-mul\libstdc++.a(class_type_info.o) (std::type_info::~type_info())
c:/intelfpga_lite/20.1/nios2eds/bin/gnu/h-x86_64-mingw32/bin/../lib/gcc/nios2-elf/9.2.1/../../../../../H-x86_64-mingw32/nios2-elf/lib/mno-hw-mul\libstdc++.a(vmi_class_type_info.o)
                              ../../../LMX2694/software/lmx2694_lib\liblmx2694_lib.a(lmx2694Handler.o) (vtable for __cxxabiv1::__vmi_class_type_info)
c:/intelfpga_lite/20.1/nios2eds/bin/gnu/h-x86_64-mingw32/bin/../lib/gcc/nios2-elf/9.2.1/../../../../../H-x86_64-mingw32/nios2-elf/lib/mno-hw-mul\libstdc++.a(del_op.o)
                              c:/intelfpga_lite/20.1/nios2eds/bin/gnu/h-x86_64-mingw32/bin/../lib/gcc/nios2-elf/9.2.1/../../../../../H-x86_64-mingw32/nios2-elf/lib/mno-hw-mul\libstdc++.a(del_ops.o) (operator delete(void*))
c:/intelfpga_lite/20.1/nios2eds/bin/gnu/h-x86_64-mingw32/bin/../lib/gcc/nios2-elf/9.2.1/../../../../../H-x86_64-mingw32/nios2-elf/lib/mno-hw-mul\libm.a(lib_a-sf_floor.o)
                              ../../../LMX2694/software/lmx2694_lib\liblmx2694_lib.a(lmx2694Handler.o) (floorf)
c:/intelfpga_lite/20.1/nios2eds/bin/gnu/h-x86_64-mingw32/bin/../lib/gcc/nios2-elf/9.2.1/../../../../../H-x86_64-mingw32/nios2-elf/lib/mno-hw-mul\libm.a(lib_a-sf_round.o)
                              ../../../LMX2694/software/lmx2694_lib\liblmx2694_lib.a(lmx2694Handler.o) (roundf)
c:/intelfpga_lite/20.1/nios2eds/bin/gnu/h-x86_64-mingw32/bin/../lib/gcc/nios2-elf/9.2.1/mno-hw-mul\libgcc.a(_fixunssfsi.o)
                              ../../../LMX2694/software/lmx2694_lib\liblmx2694_lib.a(lmx2694Handler.o) (__fixunssfsi)
c:/intelfpga_lite/20.1/nios2eds/bin/gnu/h-x86_64-mingw32/bin/../lib/gcc/nios2-elf/9.2.1/mno-hw-mul\libgcc.a(lib2-divmod.o)
                              ../../../LMX2694/software/lmx2694_lib\liblmx2694_lib.a(lmx2694Handler.o) (__divsi3)
c:/intelfpga_lite/20.1/nios2eds/bin/gnu/h-x86_64-mingw32/bin/../lib/gcc/nios2-elf/9.2.1/mno-hw-mul\libgcc.a(addsf3.o)
                              ../../../LMX2694/software/lmx2694_lib\liblmx2694_lib.a(lmx2694Handler.o) (__addsf3)
c:/intelfpga_lite/20.1/nios2eds/bin/gnu/h-x86_64-mingw32/bin/../lib/gcc/nios2-elf/9.2.1/mno-hw-mul\libgcc.a(divsf3.o)
                              ../../../LMX2694/software/lmx2694_lib\liblmx2694_lib.a(lmx2694Handler.o) (__divsf3)
c:/intelfpga_lite/20.1/nios2eds/bin/gnu/h-x86_64-mingw32/bin/../lib/gcc/nios2-elf/9.2.1/mno-hw-mul\libgcc.a(gesf2.o)
                              c:/intelfpga_lite/20.1/nios2eds/bin/gnu/h-x86_64-mingw32/bin/../lib/gcc/nios2-elf/9.2.1/mno-hw-mul\libgcc.a(_fixunssfsi.o) (__gesf2)
c:/intelfpga_lite/20.1/nios2eds/bin/gnu/h-x86_64-mingw32/bin/../lib/gcc/nios2-elf/9.2.1/mno-hw-mul\libgcc.a(lesf2.o)
                              ../../../LMX2694/software/lmx2694_lib\liblmx2694_lib.a(lmx2694Handler.o) (__ltsf2)
c:/intelfpga_lite/20.1/nios2eds/bin/gnu/h-x86_64-mingw32/bin/../lib/gcc/nios2-elf/9.2.1/mno-hw-mul\libgcc.a(mulsf3.o)
[...]
Memory Configuration

Name             Origin             Length             Attributes
reset            0x0000000000020000 0x0000000000000020
onchip_memory2_0 0x0000000000020020 0x000000000001f7e0
interrupt_stack  0x000000000003f800 0x0000000000000400
exception_stack  0x000000000003fc00 0x0000000000000400
*default*        0x0000000000000000 0xffffffffffffffff

Linker script and memory map

LOAD ../../../LMX2694/software/lmx2694_bsp/obj/HAL/src/crt0.o
LOAD obj/default/main.o
LOAD ../adf5610\libadf5610.a
LOAD ../../../LMX2694/software/lmx2694_lib\liblmx2694_lib.a
LOAD ../adf5610\libadf5610.a
LOAD ../../../LMX2694/software/lmx2694_lib\liblmx2694_lib.a
LOAD c:/intelfpga_lite/20.1/nios2eds/bin/gnu/h-x86_64-mingw32/bin/../lib/gcc/nios2-elf/9.2.1/../../../../../H-x86_64-mingw32/nios2-elf/lib/mno-hw-mul\libstdc++.a
LOAD c:/intelfpga_lite/20.1/nios2eds/bin/gnu/h-x86_64-mingw32/bin/../lib/gcc/nios2-elf/9.2.1/../../../../../H-x86_64-mingw32/nios2-elf/lib/mno-hw-mul\libm.a
LOAD c:/intelfpga_lite/20.1/nios2eds/bin/gnu/h-x86_64-mingw32/bin/../lib/gcc/nios2-elf/9.2.1/mno-hw-mul\libgcc.a
START GROUP
LOAD c:/intelfpga_lite/20.1/nios2eds/bin/gnu/h-x86_64-mingw32/bin/../lib/gcc/nios2-elf/9.2.1/../../../../../H-x86_64-mingw32/nios2-elf/lib/mno-hw-mul\libc.a
LOAD c:/intelfpga_lite/20.1/nios2eds/bin/gnu/h-x86_64-mingw32/bin/../lib/gcc/nios2-elf/9.2.1/mno-hw-mul\libgcc.a
LOAD ../../../LMX2694/software/lmx2694_bsp\libhal_bsp.a
LOAD c:/intelfpga_lite/20.1/nios2eds/bin/gnu/h-x86_64-mingw32/bin/../lib/gcc/nios2-elf/9.2.1/../../../../../H-x86_64-mingw32/nios2-elf/lib/mno-hw-mul\libm.a
END GROUP
LOAD c:/intelfpga_lite/20.1/nios2eds/bin/gnu/h-x86_64-mingw32/bin/../lib/gcc/nios2-elf/9.2.1/mno-hw-mul\libgcc.a
                0x0000000000020000                __alt_mem_onchip_memory2_0 = 0x20000

.entry          0x0000000000020000       0x20
 *(.entry)
 .entry         0x0000000000020000       0x20 ../../../LMX2694/software/lmx2694_bsp/obj/HAL/src/crt0.o
                0x0000000000020000                __reset

.exceptions     0x0000000000020020      0x210
                0x0000000000020020                PROVIDE (__ram_exceptions_start = ABSOLUTE (.))
                0x0000000000020020                . = ALIGN (0x20)
 *(.irq)
 *(.exceptions.entry.label)
 .exceptions.entry.label
                0x0000000000020020        0x0 ../../../LMX2694/software/lmx2694_bsp\libhal_bsp.a(alt_irq_entry.o)
                0x0000000000020020                alt_irq_entry
 .exceptions.entry.label
                0x0000000000020020        0x0 ../../../LMX2694/software/lmx2694_bsp\libhal_bsp.a(alt_exception_entry.o)
                0x0000000000020020                alt_exception
 *(.exceptions.entry.user)
 *(.exceptions.entry.ecc_fatal)
 *(.exceptions.entry)
 .exceptions.entry
                0x0000000000020020       0x60 ../../../LMX2694/software/lmx2694_bsp\libhal_bsp.a(alt_exception_entry.o)
 *(.exceptions.irqtest.user)
 *(.exceptions.irqtest)
 .exceptions.irqtest
                0x0000000000020080       0x10 ../../../LMX2694/software/lmx2694_bsp\libhal_bsp.a(alt_irq_entry.o)
 *(.exceptions.irqhandler.user)
 *(.exceptions.irqhandler)
 .exceptions.irqhandler
                0x0000000000020090        0x4 ../../../LMX2694/software/lmx2694_bsp\libhal_bsp.a(alt_irq_entry.o)
 *(.exceptions.irqreturn.user)
 *(.exceptions.irqreturn)
 .exceptions.irqreturn
                0x0000000000020094        0x4 ../../../LMX2694/software/lmx2694_bsp\libhal_bsp.a(alt_irq_entry.o)
 *(.exceptions.notirq.label)
 .exceptions.notirq.label
                0x0000000000020098        0x0 ../../../LMX2694/software/lmx2694_bsp\libhal_bsp.a(alt_irq_entry.o)
 *(.exceptions.notirq.user)
 *(.exceptions.notirq)
 .exceptions.notirq
                0x0000000000020098        0x8 ../../../LMX2694/software/lmx2694_bsp\libhal_bsp.a(alt_exception_entry.o)
 *(.exceptions.soft.user)
 *(.exceptions.soft)
 *(.exceptions.unknown.user)
 *(.exceptions.unknown)
 .exceptions.unknown
                0x00000000000200a0       0x14 ../../../LMX2694/software/lmx2694_bsp\libhal_bsp.a(alt_exception_entry.o)
 *(.exceptions.exit.label)
 .exceptions.exit.label
                0x00000000000200b4        0x0 ../../../LMX2694/software/lmx2694_bsp\libhal_bsp.a(alt_irq_entry.o)
 .exceptions.exit.label
                0x00000000000200b4        0x0 ../../../LMX2694/software/lmx2694_bsp\libhal_bsp.a(alt_exception_entry.o)
 *(.exceptions.exit.user)
 *(.exceptions.exit)
 .exceptions.exit
                0x00000000000200b4       0x54 ../../../LMX2694/software/lmx2694_bsp\libhal_bsp.a(alt_exception_entry.o)
 *(.exceptions)
 .exceptions    0x0000000000020108       0xc8 ../../../LMX2694/software/lmx2694_bsp\libhal_bsp.a(alt_irq_handler.o)
                0x0000000000020108                alt_irq_handler
 .exceptions    0x00000000000201d0       0x60 ../../../LMX2694/software/lmx2694_bsp\libhal_bsp.a(alt_instruction_exception_entry.o)
                0x00000000000201d0                alt_instruction_exception_entry
                0x0000000000020230                PROVIDE (__ram_exceptions_end = ABSOLUTE (.))
                0x0000000000020020                PROVIDE (__flash_exceptions_start = LOADADDR (.exceptions))

.text           0x0000000000020230     0x8430
                [!provide]                        PROVIDE (stext = ABSOLUTE (.))
 *(.interp)
 *(.hash)
 *(.dynsym)
 *(.dynstr)
 *(.gnu.version)
 *(.gnu.version_d)
 *(.gnu.version_r)
 *(.rel.init)
 *(.rela.init)
 *(.rel.text .rel.text.* .rel.gnu.linkonce.t.*)
 *(.rela.text .rela.text.* .rela.gnu.linkonce.t.*)
 *(.rel.fini)
 *(.rela.fini)
 *(.rel.rodata .rel.rodata.* .rel.gnu.linkonce.r.*)
 *(.rela.rodata .rela.rodata.* .rela.gnu.linkonce.r.*)
 *(.rel.data .rel.data.* .rel.gnu.linkonce.d.*)
 *(.rela.data .rela.data.* .rela.gnu.linkonce.d.*)
 *(.rel.tdata .rel.tdata.* .rel.gnu.linkonce.td.*)
 *(.rela.tdata .rela.tdata.* .rela.gnu.linkonce.td.*)
 *(.rel.tbss .rel.tbss.* .rel.gnu.linkonce.tb.*)
 *(.rela.tbss .rela.tbss.* .rela.gnu.linkonce.tb.*)
 *(.rel.ctors)
 *(.rela.ctors)
 *(.rel.dtors)
 *(.rela.dtors)
 *(.rel.got)
 *(.rela.got)
 *(.rel.sdata .rel.sdata.* .rel.gnu.linkonce.s.*)
 *(.rela.sdata .rela.sdata.* .rela.gnu.linkonce.s.*)
 *(.rel.sbss .rel.sbss.* .rel.gnu.linkonce.sb.*)
 *(.rela.sbss .rela.sbss.* .rela.gnu.linkonce.sb.*)
 *(.rel.sdata2 .rel.sdata2.* .rel.gnu.linkonce.s2.*)
 *(.rela.sdata2 .rela.sdata2.* .rela.gnu.linkonce.s2.*)
 *(.rel.sbss2 .rel.sbss2.* .rel.gnu.linkonce.sb2.*)
 *(.rela.sbss2 .rela.sbss2.* .rela.gnu.linkonce.sb2.*)
 *(.rel.bss .rel.bss.* .rel.gnu.linkonce.b.*)
 *(.rela.bss .rela.bss.* .rela.gnu.linkonce.b.*)
 *(.rel.plt)
 *(.rela.plt)
 *(.rel.dyn)
 *(.init)
 *(.plt)
 *(.text .stub .text.* .gnu.linkonce.t.*)
 .text          0x0000000000020230       0x3c ../../../LMX2694/software/lmx2694_bsp/obj/HAL/src/crt0.o
                0x0000000000020230                _start
 .text          0x000000000002026c      0x150 obj/default/main.o
                0x000000000002026c                main
 .text          0x00000000000203bc     0x1a0c ../../../LMX2694/software/lmx2694_lib\liblmx2694_lib.a(lmx2694Handler.o)
                0x00000000000203bc                lmx2694_Handler::lmx2694_Handler()
                0x00000000000203bc                lmx2694_Handler::lmx2694_Handler()
                0x0000000000020494                lmx2694_Handler::~lmx2694_Handler()
                0x0000000000020494                lmx2694_Handler::~lmx2694_Handler()
                0x00000000000204dc                lmx2694_Handler::~lmx2694_Handler()
                0x0000000000020518                lmx2694_Handler::Init()
                0x00000000000205c0                lmx2694_Handler::Set_MASH_ORDER(unsigned char)
                0x0000000000020674                lmx2694_Handler::Got_Locked()
                0x0000000000020754                lmx2694_Handler::Get_OUT_MUX(unsigned char)
                0x00000000000207bc                lmx2694_Handler::Get_Channel_Divider_Value(bool)
                0x0000000000020860                lmx2694_Handler::Get_N_Divider(bool)
                0x00000000000208d4                lmx2694_Handler::Get_Numerator(bool)
                0x0000000000020948                lmx2694_Handler::Get_Denominator(bool)
                0x00000000000209bc                lmx2694_Handler::Calculate_Current_Frequency(bool)
                0x0000000000020a9c                lmx2694_Handler::GCD(unsigned long, unsigned long)
                0x0000000000020b40                lmx2694_Handler::Set_Target_Frequency(float)
                0x0000000000020dd4                lmx2694_Handler::Write_Division_Registers()
                0x0000000000020ebc                lmx2694_Handler::Choose_Channel_Divider_Index()
                0x0000000000021004                lmx2694_Handler::Program_PFD_DLY_SEL(float)
                0x0000000000021110                lmx2694_Handler::Program_PFD_DLY_SEL()
                0x00000000000211c4                lmx2694_Handler::Calculate_Fraction(float)
                0x00000000000212bc                lmx2694_Handler::Power_Down()
                0x0000000000021364                lmx2694_Handler::Write_FCAL_EN(bool)
                0x0000000000021410                lmx2694_Handler::Toggle_FCAL_EN()
                0x0000000000021470                lmx2694_Handler::Program_Reset()
                0x0000000000021584                lmx2694_Handler::Get_Three_Bytes(unsigned long)
                0x00000000000215f4                lmx2694_Handler::Make_Three_Bytes(unsigned char, unsigned short)
                0x0000000000021680                lmx2694_Handler::Initiate_Registers()
                0x0000000000021760                lmx2694_Handler::Write_Single_Register(unsigned char, unsigned short)
                0x0000000000021874                lmx2694_Handler::Read_Single_Register(unsigned char)
                0x0000000000021a04                lmx2694_Handler::Set_MUXOUT_READBACK(bool)
                0x0000000000021aac                lmx2694_Handler::Self_Test()
 .text._ZN11SPI_Handler5WriteEPhm
                0x0000000000021dc8       0x40 ../../../LMX2694/software/lmx2694_lib\liblmx2694_lib.a(lmx2694Handler.o)
                0x0000000000021dc8                SPI_Handler::Write(unsigned char*, unsigned long)
 .text._ZN11SPI_Handler4ReadEPhm
                0x0000000000021e08       0x40 ../../../LMX2694/software/lmx2694_lib\liblmx2694_lib.a(lmx2694Handler.o)
                0x0000000000021e08                SPI_Handler::Read(unsigned char*, unsigned long)
 .text._ZSt5floorf
                0x0000000000021e48       0x38 ../../../LMX2694/software/lmx2694_lib\liblmx2694_lib.a(lmx2694Handler.o)
                0x0000000000021e48                std::floor(float)
 .text._ZSt5roundf
                0x0000000000021e80       0x38 ../../../LMX2694/software/lmx2694_lib\liblmx2694_lib.a(lmx2694Handler.o)
                0x0000000000021e80                std::round(float)
 .text          0x0000000000021eb8      0x378 ../../../LMX2694/software/lmx2694_lib\liblmx2694_lib.a(PLLLOCKEDCAPTURE.o)
                0x0000000000021eb8                PLL_LOCKED_CAPTURE::PLL_LOCKED_CAPTURE()
                0x0000000000021eb8                PLL_LOCKED_CAPTURE::PLL_LOCKED_CAPTURE()
                0x0000000000021f18                PLL_LOCKED_CAPTURE::~PLL_LOCKED_CAPTURE()
                0x0000000000021f18                PLL_LOCKED_CAPTURE::~PLL_LOCKED_CAPTURE()
                0x0000000000021f4c                PLL_LOCKED_CAPTURE::~PLL_LOCKED_CAPTURE()
                0x0000000000021fdc                PLL_LOCKED_CAPTURE::init_pll_pio()
                0x0000000000022074                PLL_LOCKED_CAPTURE::disable_pll_pio()
                0x00000000000220d4                PLL_LOCKED_CAPTURE::Is_Locked()
                0x0000000000022194                PLL_LOCKED_CAPTURE::Capture_Interrupt()
 .text          0x0000000000022230      0x700 ../../../LMX2694/software/lmx2694_lib\liblmx2694_lib.a(SPIHandler.o)
                0x0000000000022230                SPI_Handler::SPI_Handler()
                0x0000000000022230                SPI_Handler::SPI_Handler()
                0x000000000002227c                SPI_Handler::~SPI_Handler()
                0x000000000002227c                SPI_Handler::~SPI_Handler()
                0x00000000000222b0                SPI_Handler::~SPI_Handler()
                0x00000000000222ec                SPI_Handler::Init(unsigned long, unsigned long)
                0x0000000000022330                SPI_Handler::Open()
                0x000000000002236c                SPI_Handler::Close()
                0x00000000000223a4                SPI_Handler::SetCS(bool)
                0x0000000000022408                SPI_Handler::WriteData(unsigned char*, unsigned long)
                0x0000000000022590                SPI_Handler::TransferData(unsigned char*, unsigned long)
                0x000000000002260c                SPI_Handler::TransferData(unsigned char*, unsigned char*, unsigned long)
                0x0000000000022690                SPI_Handler::TransferData(unsigned char*, unsigned long, unsigned char*, unsigned long)
                0x0000000000022714                SPI_Handler::ReadData(unsigned char*, unsigned char*, unsigned long)
                0x0000000000022798                SPI_Handler::ReadData(unsigned char*, unsigned long)
 .text          0x0000000000022930        0x0 c:/intelfpga_lite/20.1/nios2eds/bin/gnu/h-x86_64-mingw32/bin/../lib/gcc/nios2-elf/9.2.1/../../../../../H-x86_64-mingw32/nios2-elf/lib/mno-hw-mul\libstdc++.a(class_type_info.o)
 .text._ZNK10__cxxabiv117__class_type_info11__do_upcastEPKS0_PPv
                0x0000000000022930       0x78 c:/intelfpga_lite/20.1/nios2eds/bin/gnu/h-x86_64-mingw32/bin/../lib/gcc/nios2-elf/9.2.1/../../../../../H-x86_64-mingw32/nios2-elf/lib/mno-hw-mul\libstdc++.a(class_type_info.o)
                0x0000000000022930                __cxxabiv1::__class_type_info::__do_upcast(__cxxabiv1::__class_type_info const*, void**) const
 .text._ZNK10__cxxabiv117__class_type_info20__do_find_public_srcEiPKvPKS0_S2_
                0x00000000000229a8       0x18 c:/intelfpga_lite/20.1/nios2eds/bin/gnu/h-x86_64-mingw32/bin/../lib/gcc/nios2-elf/9.2.1/../../../../../H-x86_64-mingw32/nios2-elf/lib/mno-hw-mul\libstdc++.a(class_type_info.o)
                0x00000000000229a8                __cxxabiv1::__class_type_info::__do_find_public_src(int, void const*, __cxxabiv1::__class_type_info const*, void const*) const
 .text._ZN10__cxxabiv117__class_type_infoD2Ev
                0x00000000000229c0       0x10 c:/intelfpga_lite/20.1/nios2eds/bin/gnu/h-x86_64-mingw32/bin/../lib/gcc/nios2-elf/9.2.1/../../../../../H-x86_64-mingw32/nios2-elf/lib/mno-hw-mul\libstdc++.a(class_type_info.o)
                0x00000000000229c0                __cxxabiv1::__class_type_info::~__class_type_info()
                0x00000000000229c0                __cxxabiv1::__class_type_info::~__class_type_info()
 .text._ZN10__cxxabiv117__class_type_infoD0Ev
                0x00000000000229d0       0x38 c:/intelfpga_lite/20.1/nios2eds/bin/gnu/h-x86_64-mingw32/bin/../lib/gcc/nios2-elf/9.2.1/../../../../../H-x86_64-mingw32/nios2-elf/lib/mno-hw-mul\libstdc++.a(class_type_info.o)
                0x00000000000229d0                __cxxabiv1::__class_type_info::~__class_type_info()
 .text._ZNK10__cxxabiv117__class_type_info12__do_dyncastEiNS0_10__sub_kindEPKS0_PKvS3_S5_RNS0_16__dyncast_resultE
                0x0000000000022a08       0xc4 c:/intelfpga_lite/20.1/nios2eds/bin/gnu/h-x86_64-mingw32/bin/../lib/gcc/nios2-elf/9.2.1/../../../../../H-x86_64-mingw32/nios2-elf/lib/mno-hw-mul\libstdc++.a(class_type_info.o)
                0x0000000000022a08                __cxxabiv1::__class_type_info::__do_dyncast(int, __cxxabiv1::__class_type_info::__sub_kind, __cxxabiv1::__class_type_info const*, void const*, __cxxabiv1::__class_type_info const*, void const*, __cxxabiv1::__class_type_info::__dyncast_result&) const
 .text._ZNK10__cxxabiv117__class_type_info11__do_upcastEPKS0_PKvRNS0_15__upcast_resultE
                0x0000000000022acc       0x6c c:/intelfpga_lite/20.1/nios2eds/bin/gnu/h-x86_64-mingw32/bin/../lib/gcc/nios2-elf/9.2.1/../../../../../H-x86_64-mingw32/nios2-elf/lib/mno-hw-mul\libstdc++.a(class_type_info.o)
                0x0000000000022acc                __cxxabiv1::__class_type_info::__do_upcast(__cxxabiv1::__class_type_info const*, void const*, __cxxabiv1::__class_type_info::__upcast_result&) const
 .text._ZNK10__cxxabiv117__class_type_info10__do_catchEPKSt9type_infoPPvj
                0x0000000000022b38       0xa8 c:/intelfpga_lite/20.1/nios2eds/bin/gnu/h-x86_64-mingw32/bin/../lib/gcc/nios2-elf/9.2.1/../../../../../H-x86_64-mingw32/nios2-elf/lib/mno-hw-mul\libstdc++.a(class_type_info.o)
                0x0000000000022b38                __cxxabiv1::__class_type_info::__do_catch(std::type_info const*, void**, unsigned int) const
 .text          0x0000000000022be0        0x0 c:/intelfpga_lite/20.1/nios2eds/bin/gnu/h-x86_64-mingw32/bin/../lib/gcc/nios2-elf/9.2.1/../../../../../H-x86_64-mingw32/nios2-elf/lib/mno-hw-mul\libstdc++.a(del_ops.o)
 .text._ZdlPvj  0x0000000000022be0        0x4 c:/intelfpga_lite/20.1/nios2eds/bin/gnu/h-x86_64-mingw32/bin/../lib/gcc/nios2-elf/9.2.1/../../../../../H-x86_64-mingw32/nios2-elf/lib/mno-hw-mul\libstdc++.a(del_ops.o)
                0x0000000000022be0                operator delete(void*, unsigned int)
 .text          0x0000000000022be4        0x0 c:/intelfpga_lite/20.1/nios2eds/bin/gnu/h-x86_64-mingw32/bin/../lib/gcc/nios2-elf/9.2.1/../../../../../H-x86_64-mingw32/nios2-elf/lib/mno-hw-mul\libstdc++.a(si_class_type_info.o)
 .text._ZN10__cxxabiv120__si_class_type_infoD2Ev
                0x0000000000022be4       0x10 c:/intelfpga_lite/20.1/nios2eds/bin/gnu/h-x86_64-mingw32/bin/../lib/gcc/nios2-elf/9.2.1/../../../../../H-x86_64-mingw32/nios2-elf/lib/mno-hw-mul\libstdc++.a(si_class_type_info.o)
                0x0000000000022be4                __cxxabiv1::__si_class_type_info::~__si_class_type_info()
                0x0000000000022be4                __cxxabiv1::__si_class_type_info::~__si_class_type_info()
 .text._ZN10__cxxabiv120__si_class_type_infoD0Ev
                0x0000000000022bf4       0x38 c:/intelfpga_lite/20.1/nios2eds/bin/gnu/h-x86_64-mingw32/bin/../lib/gcc/nios2-elf/9.2.1/../../../../../H-x86_64-mingw32/nios2-elf/lib/mno-hw-mul\libstdc++.a(si_class_type_info.o)
                0x0000000000022bf4                __cxxabiv1::__si_class_type_info::~__si_class_type_info()
 .text._ZNK10__cxxabiv120__si_class_type_info20__do_find_public_srcEiPKvPKNS_17__class_type_infoES2_
                0x0000000000022c2c       0x9c c:/intelfpga_lite/20.1/nios2eds/bin/gnu/h-x86_64-mingw32/bin/../lib/gcc/nios2-elf/9.2.1/../../../../../H-x86_64-mingw32/nios2-elf/lib/mno-hw-mul\libstdc++.a(si_class_type_info.o)
                0x0000000000022c2c                __cxxabiv1::__si_class_type_info::__do_find_public_src(int, void const*, __cxxabiv1::__class_type_info const*, void const*) const
 .text._ZNK10__cxxabiv120__si_class_type_info12__do_dyncastEiNS_17__class_type_info10__sub_kindEPKS1_PKvS4_S6_RNS1_16__dyncast_resultE
                0x0000000000022cc8      0x160 c:/intelfpga_lite/20.1/nios2eds/bin/gnu/h-x86_64-mingw32/bin/../lib/gcc/nios2-elf/9.2.1/../../../../../H-x86_64-mingw32/nios2-elf/lib/mno-hw-mul\libstdc++.a(si_class_type_info.o)
                0x0000000000022cc8                __cxxabiv1::__si_class_type_info::__do_dyncast(int, __cxxabiv1::__class_type_info::__sub_kind, __cxxabiv1::__class_type_info const*, void const*, __cxxabiv1::__class_type_info const*, void const*, __cxxabiv1::__class_type_info::__dyncast_result&) const
 .text._ZNK10__cxxabiv120__si_class_type_info11__do_upcastEPKNS_17__class_type_infoEPKvRNS1_15__upcast_resultE
                0x0000000000022e28       0x84 c:/intelfpga_lite/20.1/nios2eds/bin/gnu/h-x86_64-mingw32/bin/../lib/gcc/nios2-elf/9.2.1/../../../../../H-x86_64-mingw32/nios2-elf/lib/mno-hw-mul\libstdc++.a(si_class_type_info.o)
                0x0000000000022e28                __cxxabiv1::__si_class_type_info::__do_upcast(__cxxabiv1::__class_type_info const*, void const*, __cxxabiv1::__class_type_info::__upcast_result&) const
 .text          0x0000000000022eac        0x0 c:/intelfpga_lite/20.1/nios2eds/bin/gnu/h-x86_64-mingw32/bin/../lib/gcc/nios2-elf/9.2.1/../../../../../H-x86_64-mingw32/nios2-elf/lib/mno-hw-mul\libstdc++.a(tinfo.o)
 .text._ZNSt9type_infoD2Ev
                0x0000000000022eac        0x4 c:/intelfpga_lite/20.1/nios2eds/bin/gnu/h-x86_64-mingw32/bin/../lib/gcc/nios2-elf/9.2.1/../../../../../H-x86_64-mingw32/nios2-elf/lib/mno-hw-mul\libstdc++.a(tinfo.o)
                0x0000000000022eac                std::type_info::~type_info()
                0x0000000000022eac                std::type_info::~type_info()
 .text._ZNKSt9type_info14__is_pointer_pEv
                0x0000000000022eb0        0x8 c:/intelfpga_lite/20.1/nios2eds/bin/gnu/h-x86_64-mingw32/bin/../lib/gcc/nios2-elf/9.2.1/../../../../../H-x86_64-mingw32/nios2-elf/lib/mno-hw-mul\libstdc++.a(tinfo.o)
                0x0000000000022eb0                std::type_info::__is_pointer_p() const
                0x0000000000022eb0                std::type_info::__is_function_p() const
 .text._ZNKSt9type_info11__do_upcastEPKN10__cxxabiv117__class_type_infoEPPv
                0x0000000000022eb8        0x8 c:/intelfpga_lite/20.1/nios2eds/bin/gnu/h-x86_64-mingw32/bin/../lib/gcc/nios2-elf/9.2.1/../../../../../H-x86_64-mingw32/nios2-elf/lib/mno-hw-mul\libstdc++.a(tinfo.o)
                0x0000000000022eb8                std::type_info::__do_upcast(__cxxabiv1::__class_type_info const*, void**) const
 .text._ZNSt9type_infoD0Ev
                0x0000000000022ec0        0x8 c:/intelfpga_lite/20.1/nios2eds/bin/gnu/h-x86_64-mingw32/bin/../lib/gcc/nios2-elf/9.2.1/../../../../../H-x86_64-mingw32/nios2-elf/lib/mno-hw-mul\libstdc++.a(tinfo.o)
                0x0000000000022ec0                std::type_info::~type_info()
 .text._ZNKSt9type_info10__do_catchEPKS_PPvj
                0x0000000000022ec8       0x44 c:/intelfpga_lite/20.1/nios2eds/bin/gnu/h-x86_64-mingw32/bin/../lib/gcc/nios2-elf/9.2.1/../../../../../H-x86_64-mingw32/nios2-elf/lib/mno-hw-mul\libstdc++.a(tinfo.o)
                0x0000000000022ec8                std::type_info::__do_catch(std::type_info const*, void**, unsigned int) const
 .text          0x0000000000022f0c        0x0 c:/intelfpga_lite/20.1/nios2eds/bin/gnu/h-x86_64-mingw32/bin/../lib/gcc/nios2-elf/9.2.1/../../../../../H-x86_64-mingw32/nios2-elf/lib/mno-hw-mul\libstdc++.a(vmi_class_type_info.o)
 .text._ZN10__cxxabiv121__vmi_class_type_infoD2Ev
                0x0000000000022f0c       0x10 c:/intelfpga_lite/20.1/nios2eds/bin/gnu/h-x86_64-mingw32/bin/../lib/gcc/nios2-elf/9.2.1/../../../../../H-x86_64-mingw32/nios2-elf/lib/mno-hw-mul\libstdc++.a(vmi_class_type_info.o)
                0x0000000000022f0c                __cxxabiv1::__vmi_class_type_info::~__vmi_class_type_info()
                0x0000000000022f0c                __cxxabiv1::__vmi_class_type_info::~__vmi_class_type_info()
 .text._ZN10__cxxabiv121__vmi_class_type_infoD0Ev
                0x0000000000022f1c       0x38 c:/intelfpga_lite/20.1/nios2eds/bin/gnu/h-x86_64-mingw32/bin/../lib/gcc/nios2-elf/9.2.1/../../../../../H-x86_64-mingw32/nios2-elf/lib/mno-hw-mul\libstdc++.a(vmi_class_type_info.o)
                0x0000000000022f1c                __cxxabiv1::__vmi_class_type_info::~__vmi_class_type_info()
 .text._ZNK10__cxxabiv121__vmi_class_type_info20__do_find_public_srcEiPKvPKNS_17__class_type_infoES2_
                0x0000000000022f54      0x128 c:/intelfpga_lite/20.1/nios2eds/bin/gnu/h-x86_64-mingw32/bin/../lib/gcc/nios2-elf/9.2.1/../../../../../H-x86_64-mingw32/nios2-elf/lib/mno-hw-mul\libstdc++.a(vmi_class_type_info.o)
                0x0000000000022f54                __cxxabiv1::__vmi_class_type_info::__do_find_public_src(int, void const*, __cxxabiv1::__class_type_info const*, void const*) const
 .text._ZNK10__cxxabiv121__vmi_class_type_info12__do_dyncastEiNS_17__class_type_info10__sub_kindEPKS1_PKvS4_S6_RNS1_16__dyncast_resultE
                0x000000000002307c      0x60c c:/intelfpga_lite/20.1/nios2eds/bin/gnu/h-x86_64-mingw32/bin/../lib/gcc/nios2-elf/9.2.1/../../../../../H-x86_64-mingw32/nios2-elf/lib/mno-hw-mul\libstdc++.a(vmi_class_type_info.o)
                0x000000000002307c                __cxxabiv1::__vmi_class_type_info::__do_dyncast(int, __cxxabiv1::__class_type_info::__sub_kind, __cxxabiv1::__class_type_info const*, void const*, __cxxabiv1::__class_type_info const*, void const*, __cxxabiv1::__class_type_info::__dyncast_result&) const
 .text._ZNK10__cxxabiv121__vmi_class_type_info11__do_upcastEPKNS_17__class_type_infoEPKvRNS1_15__upcast_resultE
                0x0000000000023688      0x264 c:/intelfpga_lite/20.1/nios2eds/bin/gnu/h-x86_64-mingw32/bin/../lib/gcc/nios2-elf/9.2.1/../../../../../H-x86_64-mingw32/nios2-elf/lib/mno-hw-mul\libstdc++.a(vmi_class_type_info.o)
                0x0000000000023688                __cxxabiv1::__vmi_class_type_info::__do_upcast(__cxxabiv1::__class_type_info const*, void const*, __cxxabiv1::__class_type_info::__upcast_result&) const
 .text          0x00000000000238ec        0x0 c:/intelfpga_lite/20.1/nios2eds/bin/gnu/h-x86_64-mingw32/bin/../lib/gcc/nios2-elf/9.2.1/../../../../../H-x86_64-mingw32/nios2-elf/lib/mno-hw-mul\libstdc++.a(del_op.o)
 .text._ZdlPv   0x00000000000238ec        0x4 c:/intelfpga_lite/20.1/nios2eds/bin/gnu/h-x86_64-mingw32/bin/../lib/gcc/nios2-elf/9.2.1/../../../../../H-x86_64-mingw32/nios2-elf/lib/mno-hw-mul\libstdc++.a(del_op.o)
                0x00000000000238ec                operator delete(void*)
 .text          0x00000000000238f0        0x0 c:/intelfpga_lite/20.1/nios2eds/bin/gnu/h-x86_64-mingw32/bin/../lib/gcc/nios2-elf/9.2.1/../../../../../H-x86_64-mingw32/nios2-elf/lib/mno-hw-mul\libm.a(lib_a-sf_floor.o)
 .text.floorf   0x00000000000238f0       0xf4 c:/intelfpga_lite/20.1/nios2eds/bin/gnu/h-x86_64-mingw32/bin/../lib/gcc/nios2-elf/9.2.1/../../../../../H-x86_64-mingw32/nios2-elf/lib/mno-hw-mul\libm.a(lib_a-sf_floor.o)
                0x00000000000238f0                floorf
 .text          0x00000000000239e4        0x0 c:/intelfpga_lite/20.1/nios2eds/bin/gnu/h-x86_64-mingw32/bin/../lib/gcc/nios2-elf/9.2.1/../../../../../H-x86_64-mingw32/nios2-elf/lib/mno-hw-mul\libm.a(lib_a-sf_round.o)
 .text.roundf   0x00000000000239e4       0x84 c:/intelfpga_lite/20.1/nios2eds/bin/gnu/h-x86_64-mingw32/bin/../lib/gcc/nios2-elf/9.2.1/../../../../../H-x86_64-mingw32/nios2-elf/lib/mno-hw-mul\libm.a(lib_a-sf_round.o)
                0x00000000000239e4                roundf
 .text          0x0000000000023a68       0x60 c:/intelfpga_lite/20.1/nios2eds/bin/gnu/h-x86_64-mingw32/bin/../lib/gcc/nios2-elf/9.2.1/mno-hw-mul\libgcc.a(_fixunssfsi.o)
                0x0000000000023a68                __fixunssfsi
 .text          0x0000000000023ac8      0x1b4 c:/intelfpga_lite/20.1/nios2eds/bin/gnu/h-x86_64-mingw32/bin/../lib/gcc/nios2-elf/9.2.1/mno-hw-mul\libgcc.a(lib2-divmod.o)
                0x0000000000023ac8                __divsi3
                0x0000000000023b48                __modsi3
                0x0000000000023bbc                __udivsi3
                0x0000000000023c20                __umodsi3
 .text          0x0000000000023c7c      0x45c c:/intelfpga_lite/20.1/nios2eds/bin/gnu/h-x86_64-mingw32/bin/../lib/gcc/nios2-elf/9.2.1/mno-hw-mul\libgcc.a(addsf3.o)
                0x0000000000023c7c                __addsf3
 .text          0x00000000000240d8      0x3f4 c:/intelfpga_lite/20.1/nios2eds/bin/gnu/h-x86_64-mingw32/bin/../lib/gcc/nios2-elf/9.2.1/mno-hw-mul\libgcc.a(divsf3.o)
                0x00000000000240d8                __divsf3
 .text          0x00000000000244cc       0xc4 c:/intelfpga_lite/20.1/nios2eds/bin/gnu/h-x86_64-mingw32/bin/../lib/gcc/nios2-elf/9.2.1/mno-hw-mul\libgcc.a(gesf2.o)
                0x00000000000244cc                __gesf2
                0x00000000000244cc                __gtsf2
 .text          0x0000000000024590       0xc0 c:/intelfpga_lite/20.1/nios2eds/bin/gnu/h-x86_64-mingw32/bin/../lib/gcc/nios2-elf/9.2.1/mno-hw-mul\libgcc.a(lesf2.o)
                0x0000000000024590                __ltsf2
                0x0000000000024590                __lesf2
 .text          0x0000000000024650      0x3fc c:/intelfpga_lite/20.1/nios2eds/bin/gnu/h-x86_64-mingw32/bin/../lib/gcc/nios2-elf/9.2.1/mno-hw-mul\libgcc.a(mulsf3.o)
                0x0000000000024650                __mulsf3
 .text          0x0000000000024a4c      0x484 c:/intelfpga_lite/20.1/nios2eds/bin/gnu/h-x86_64-mingw32/bin/../lib/gcc/nios2-elf/9.2.1/mno-hw-mul\libgcc.a(subsf3.o)
                0x0000000000024a4c                __subsf3
 .text          0x0000000000024ed0       0x70 c:/intelfpga_lite/20.1/nios2eds/bin/gnu/h-x86_64-mingw32/bin/../lib/gcc/nios2-elf/9.2.1/mno-hw-mul\libgcc.a(fixsfsi.o)
                0x0000000000024ed0                __fixsfsi
 .text          0x0000000000024f40      0x124 c:/intelfpga_lite/20.1/nios2eds/bin/gnu/h-x86_64-mingw32/bin/../lib/gcc/nios2-elf/9.2.1/mno-hw-mul\libgcc.a(floatsisf.o)
                0x0000000000024f40                __floatsisf
 .text          0x0000000000025064       0xf8 c:/intelfpga_lite/20.1/nios2eds/bin/gnu/h-x86_64-mingw32/bin/../lib/gcc/nios2-elf/9.2.1/mno-hw-mul\libgcc.a(floatunsisf.o)
                0x0000000000025064                __floatunsisf
 .text          0x000000000002515c       0x54 c:/intelfpga_lite/20.1/nios2eds/bin/gnu/h-x86_64-mingw32/bin/../lib/gcc/nios2-elf/9.2.1/mno-hw-mul\libgcc.a(_clzsi2.o)
                0x000000000002515c                __clzsi2
 .text          0x00000000000251b0       0x28 c:/intelfpga_lite/20.1/nios2eds/bin/gnu/h-x86_64-mingw32/bin/../lib/gcc/nios2-elf/9.2.1/mno-hw-mul\libgcc.a(lib2-mul.o)
                0x00000000000251b0                __mulsi3
 .text          0x00000000000251d8        0x0 c:/intelfpga_lite/20.1/nios2eds/bin/gnu/h-x86_64-mingw32/bin/../lib/gcc/nios2-elf/9.2.1/mno-hw-mul\libgcc.a(_clz.o)
 .text          0x00000000000251d8        0x0 c:/intelfpga_lite/20.1/nios2eds/bin/gnu/h-x86_64-mingw32/bin/../lib/gcc/nios2-elf/9.2.1/../../../../../H-x86_64-mingw32/nios2-elf/lib/mno-hw-mul\libc.a(lib_a-malloc.o)
 .text.malloc   0x00000000000251d8       0x10 c:/intelfpga_lite/20.1/nios2eds/bin/gnu/h-x86_64-mingw32/bin/../lib/gcc/nios2-elf/9.2.1/../../../../../H-x86_64-mingw32/nios2-elf/lib/mno-hw-mul\libc.a(lib_a-malloc.o)
                0x00000000000251d8                malloc
 .text.free     0x00000000000251e8       0x10 c:/intelfpga_lite/20.1/nios2eds/bin/gnu/h-x86_64-mingw32/bin/../lib/gcc/nios2-elf/9.2.1/../../../../../H-x86_64-mingw32/nios2-elf/lib/mno-hw-mul\libc.a(lib_a-malloc.o)
                0x00000000000251e8                free
 .text          0x00000000000251f8        0x0 c:/intelfpga_lite/20.1/nios2eds/bin/gnu/h-x86_64-mingw32/bin/../lib/gcc/nios2-elf/9.2.1/../../../../../H-x86_64-mingw32/nios2-elf/lib/mno-hw-mul\libc.a(lib_a-mallocr.o)
 .text._malloc_r
                0x00000000000251f8      0x7e0 c:/intelfpga_lite/20.1/nios2eds/bin/gnu/h-x86_64-mingw32/bin/../lib/gcc/nios2-elf/9.2.1/../../../../../H-x86_64-mingw32/nios2-elf/lib/mno-hw-mul\libc.a(lib_a-mallocr.o)
                0x00000000000251f8                _malloc_r
 .text          0x00000000000259d8        0x0 c:/intelfpga_lite/20.1/nios2eds/bin/gnu/h-x86_64-mingw32/bin/../lib/gcc/nios2-elf/9.2.1/../../../../../H-x86_64-mingw32/nios2-elf/lib/mno-hw-mul\libc.a(lib_a-memset.o)
 .text.memset   0x00000000000259d8       0xf0 c:/intelfpga_lite/20.1/nios2eds/bin/gnu/h-x86_64-mingw32/bin/../lib/gcc/nios2-elf/9.2.1/../../../../../H-x86_64-mingw32/nios2-elf/lib/mno-hw-mul\libc.a(lib_a-memset.o)
                0x00000000000259d8                memset
 .text          0x0000000000025ac8        0x0 c:/intelfpga_lite/20.1/nios2eds/bin/gnu/h-x86_64-mingw32/bin/../lib/gcc/nios2-elf/9.2.1/../../../../../H-x86_64-mingw32/nios2-elf/lib/mno-hw-mul\libc.a(lib_a-sbrkr.o)
 .text._sbrk_r  0x0000000000025ac8       0x58 c:/intelfpga_lite/20.1/nios2eds/bin/gnu/h-x86_64-mingw32/bin/../lib/gcc/nios2-elf/9.2.1/../../../../../H-x86_64-mingw32/nios2-elf/lib/mno-hw-mul\libc.a(lib_a-sbrkr.o)
                0x0000000000025ac8                _sbrk_r
 .text          0x0000000000025b20        0x0 c:/intelfpga_lite/20.1/nios2eds/bin/gnu/h-x86_64-mingw32/bin/../lib/gcc/nios2-elf/9.2.1/../../../../../H-x86_64-mingw32/nios2-elf/lib/mno-hw-mul\libc.a(lib_a-strcmp.o)
 .text.strcmp   0x0000000000025b20       0xb8 c:/intelfpga_lite/20.1/nios2eds/bin/gnu/h-x86_64-mingw32/bin/../lib/gcc/nios2-elf/9.2.1/../../../../../H-x86_64-mingw32/nios2-elf/lib/mno-hw-mul\libc.a(lib_a-strcmp.o)
                0x0000000000025b20                strcmp
 .text          0x0000000000025bd8        0x0 c:/intelfpga_lite/20.1/nios2eds/bin/gnu/h-x86_64-mingw32/bin/../lib/gcc/nios2-elf/9.2.1/../../../../../H-x86_64-mingw32/nios2-elf/lib/mno-hw-mul\libc.a(lib_a-freer.o)
 .text._malloc_trim_r
                0x0000000000025bd8      0x11c c:/intelfpga_lite/20.1/nios2eds/bin/gnu/h-x86_64-mingw32/bin/../lib/gcc/nios2-elf/9.2.1/../../../../../H-x86_64-mingw32/nios2-elf/lib/mno-hw-mul\libc.a(lib_a-freer.o)
                0x0000000000025bd8                _malloc_trim_r
 .text._free_r  0x0000000000025cf4      0x2fc c:/intelfpga_lite/20.1/nios2eds/bin/gnu/h-x86_64-mingw32/bin/../lib/gcc/nios2-elf/9.2.1/../../../../../H-x86_64-mingw32/nios2-elf/lib/mno-hw-mul\libc.a(lib_a-freer.o)
                0x0000000000025cf4                _free_r
 .text          0x0000000000025ff0        0x0 c:/intelfpga_lite/20.1/nios2eds/bin/gnu/h-x86_64-mingw32/bin/../lib/gcc/nios2-elf/9.2.1/../../../../../H-x86_64-mingw32/nios2-elf/lib/mno-hw-mul\libc.a(lib_a-impure.o)
 .text          0x0000000000025ff0        0x0 c:/intelfpga_lite/20.1/nios2eds/bin/gnu/h-x86_64-mingw32/bin/../lib/gcc/nios2-elf/9.2.1/../../../../../H-x86_64-mingw32/nios2-elf/lib/mno-hw-mul\libc.a(lib_a-int_errno.o)
 .text          0x0000000000025ff0      0x1b0 ../../../LMX2694/software/lmx2694_bsp\libhal_bsp.a(alt_iic.o)
                0x0000000000025ff0                alt_ic_isr_register
                0x0000000000026040                alt_ic_irq_enable
                0x00000000000260c8                alt_ic_irq_disable
                0x0000000000026154                alt_ic_irq_enabled
 .text          0x00000000000261a0       0xe8 ../../../LMX2694/software/lmx2694_bsp\libhal_bsp.a(alt_iic_isr_register.o)
                0x00000000000261a0                alt_iic_isr_register
 .text          0x0000000000026288        0x0 ../../../LMX2694/software/lmx2694_bsp\libhal_bsp.a(alt_irq_entry.o)
 .text          0x0000000000026288        0x0 ../../../LMX2694/software/lmx2694_bsp\libhal_bsp.a(alt_irq_handler.o)
 .text          0x0000000000026288        0x0 ../../../LMX2694/software/lmx2694_bsp\libhal_bsp.a(alt_irq_vars.o)
 .text          0x0000000000026288       0xec ../../../LMX2694/software/lmx2694_bsp\libhal_bsp.a(alt_load.o)
                0x00000000000262f0                alt_load
 .text          0x0000000000026374       0x7c ../../../LMX2694/software/lmx2694_bsp\libhal_bsp.a(alt_main.o)
                0x0000000000026374                alt_main
 .text          0x00000000000263f0       0x48 ../../../LMX2694/software/lmx2694_bsp\libhal_bsp.a(alt_malloc_lock.o)
                0x00000000000263f0                __malloc_lock
                0x0000000000026414                __malloc_unlock
 .text          0x0000000000026438       0xb8 ../../../LMX2694/software/lmx2694_bsp\libhal_bsp.a(alt_sbrk.o)
                0x0000000000026438                sbrk
 .text          0x00000000000264f0       0x30 ../../../LMX2694/software/lmx2694_bsp\libhal_bsp.a(alt_usleep.o)
                0x00000000000264f0                usleep
 .text          0x0000000000026520       0xd4 ../../../LMX2694/software/lmx2694_bsp\libhal_bsp.a(alt_sys_init.o)
                0x0000000000026554                alt_irq_init
                0x0000000000026590                alt_sys_init
 .text          0x00000000000265f4      0x164 ../../../LMX2694/software/lmx2694_bsp\libhal_bsp.a(altera_avalon_jtag_uart_fd.o)
                0x00000000000265f4                altera_avalon_jtag_uart_read_fd
                0x0000000000026654                altera_avalon_jtag_uart_write_fd
                0x00000000000266b4                altera_avalon_jtag_uart_close_fd
                0x0000000000026704                altera_avalon_jtag_uart_ioctl_fd
 .text          0x0000000000026758      0x3d4 ../../../LMX2694/software/lmx2694_bsp\libhal_bsp.a(altera_avalon_jtag_uart_init.o)
                0x0000000000026758                altera_avalon_jtag_uart_init
                0x0000000000026ac4                altera_avalon_jtag_uart_close
 .text          0x0000000000026b2c       0xf4 ../../../LMX2694/software/lmx2694_bsp\libhal_bsp.a(altera_avalon_jtag_uart_ioctl.o)
                0x0000000000026b2c                altera_avalon_jtag_uart_ioctl
 .text          0x0000000000026c20      0x220 ../../../LMX2694/software/lmx2694_bsp\libhal_bsp.a(altera_avalon_jtag_uart_read.o)
                0x0000000000026c20                altera_avalon_jtag_uart_read
 .text          0x0000000000026e40      0x228 ../../../LMX2694/software/lmx2694_bsp\libhal_bsp.a(altera_avalon_jtag_uart_write.o)
                0x0000000000026e40                altera_avalon_jtag_uart_write
 .text          0x0000000000027068      0x1fc ../../../LMX2694/software/lmx2694_bsp\libhal_bsp.a(altera_avalon_spi.o)
                0x0000000000027068                alt_avalon_spi_command
 .text          0x0000000000027264      0x100 ../../../LMX2694/software/lmx2694_bsp\libhal_bsp.a(altera_avalon_timer_sc.o)
                0x00000000000272e0                alt_avalon_timer_sc_init
 .text          0x0000000000027364      0x134 ../../../LMX2694/software/lmx2694_bsp\libhal_bsp.a(alt_alarm_start.o)
                0x0000000000027364                alt_alarm_start
 .text          0x0000000000027498      0x158 ../../../LMX2694/software/lmx2694_bsp\libhal_bsp.a(alt_busy_sleep.o)
                0x0000000000027498                alt_busy_sleep
 .text          0x00000000000275f0      0x118 ../../../LMX2694/software/lmx2694_bsp\libhal_bsp.a(alt_close.o)
                0x000000000002762c                close
 .text          0x0000000000027708       0x20 ../../../LMX2694/software/lmx2694_bsp\libhal_bsp.a(alt_dcache_flush_all.o)
                0x0000000000027708                alt_dcache_flush_all
 .text          0x0000000000027728       0x2c ../../../LMX2694/software/lmx2694_bsp\libhal_bsp.a(alt_dev.o)
 .text          0x0000000000027754       0xe4 ../../../LMX2694/software/lmx2694_bsp\libhal_bsp.a(alt_dev_llist_insert.o)
                0x0000000000027790                alt_dev_llist_insert
 .text          0x0000000000027838       0x64 ../../../LMX2694/software/lmx2694_bsp\libhal_bsp.a(alt_do_ctors.o)
                0x0000000000027838                _do_ctors
 .text          0x000000000002789c       0x64 ../../../LMX2694/software/lmx2694_bsp\libhal_bsp.a(alt_do_dtors.o)
                0x000000000002789c                _do_dtors
 .text          0x0000000000027900        0x0 ../../../LMX2694/software/lmx2694_bsp\libhal_bsp.a(alt_errno.o)
 .text          0x0000000000027900        0x0 ../../../LMX2694/software/lmx2694_bsp\libhal_bsp.a(alt_exception_entry.o)
 .text          0x0000000000027900       0x20 ../../../LMX2694/software/lmx2694_bsp\libhal_bsp.a(alt_icache_flush_all.o)
                0x0000000000027900                alt_icache_flush_all
 .text          0x0000000000027920       0x98 ../../../LMX2694/software/lmx2694_bsp\libhal_bsp.a(alt_instruction_exception_entry.o)
                0x0000000000027920                alt_exception_cause_generated_bad_addr
 .text          0x00000000000279b8      0x150 ../../../LMX2694/software/lmx2694_bsp\libhal_bsp.a(alt_io_redirect.o)
                0x0000000000027a8c                alt_io_redirect
 .text          0x0000000000027b08      0x278 ../../../LMX2694/software/lmx2694_bsp\libhal_bsp.a(alt_open.o)
                0x0000000000027c20                open
 .text          0x0000000000027d80       0x70 ../../../LMX2694/software/lmx2694_bsp\libhal_bsp.a(alt_release_fd.o)
                0x0000000000027d80                alt_release_fd
 .text          0x0000000000027df0      0x1ac ../../../LMX2694/software/lmx2694_bsp\libhal_bsp.a(alt_tick.o)
                0x0000000000027df0                alt_alarm_stop
                0x0000000000027e94                alt_tick
 .text          0x0000000000027f9c       0x24 ../../../LMX2694/software/lmx2694_bsp\libhal_bsp.a(altera_nios2_gen2_irq.o)
                0x0000000000027f9c                altera_nios2_gen2_irq_init
 .text          0x0000000000027fc0       0x90 ../../../LMX2694/software/lmx2694_bsp\libhal_bsp.a(alt_find_dev.o)
                0x0000000000027fc0                alt_find_dev
 .text          0x0000000000028050      0x108 ../../../LMX2694/software/lmx2694_bsp\libhal_bsp.a(alt_find_file.o)
                0x0000000000028050                alt_find_file
 .text          0x0000000000028158       0xb8 ../../../LMX2694/software/lmx2694_bsp\libhal_bsp.a(alt_get_fd.o)
                0x0000000000028158                alt_get_fd
 .text          0x0000000000028210        0x0 c:/intelfpga_lite/20.1/nios2eds/bin/gnu/h-x86_64-mingw32/bin/../lib/gcc/nios2-elf/9.2.1/../../../../../H-x86_64-mingw32/nios2-elf/lib/mno-hw-mul\libc.a(lib_a-atexit.o)
 .text.atexit   0x0000000000028210       0x14 c:/intelfpga_lite/20.1/nios2eds/bin/gnu/h-x86_64-mingw32/bin/../lib/gcc/nios2-elf/9.2.1/../../../../../H-x86_64-mingw32/nios2-elf/lib/mno-hw-mul\libc.a(lib_a-atexit.o)
                0x0000000000028210                atexit
 .text          0x0000000000028224        0x0 c:/intelfpga_lite/20.1/nios2eds/bin/gnu/h-x86_64-mingw32/bin/../lib/gcc/nios2-elf/9.2.1/../../../../../H-x86_64-mingw32/nios2-elf/lib/mno-hw-mul\libc.a(lib_a-exit.o)
 .text.exit     0x0000000000028224       0x34 c:/intelfpga_lite/20.1/nios2eds/bin/gnu/h-x86_64-mingw32/bin/../lib/gcc/nios2-elf/9.2.1/../../../../../H-x86_64-mingw32/nios2-elf/lib/mno-hw-mul\libc.a(lib_a-exit.o)
                0x0000000000028224                exit
 .text          0x0000000000028258        0x0 c:/intelfpga_lite/20.1/nios2eds/bin/gnu/h-x86_64-mingw32/bin/../lib/gcc/nios2-elf/9.2.1/../../../../../H-x86_64-mingw32/nios2-elf/lib/mno-hw-mul\libc.a(lib_a-memcmp.o)
 .text.memcmp   0x0000000000028258       0x78 c:/intelfpga_lite/20.1/nios2eds/bin/gnu/h-x86_64-mingw32/bin/../lib/gcc/nios2-elf/9.2.1/../../../../../H-x86_64-mingw32/nios2-elf/lib/mno-hw-mul\libc.a(lib_a-memcmp.o)
                0x0000000000028258                memcmp
 .text          0x00000000000282d0        0x0 c:/intelfpga_lite/20.1/nios2eds/bin/gnu/h-x86_64-mingw32/bin/../lib/gcc/nios2-elf/9.2.1/../../../../../H-x86_64-mingw32/nios2-elf/lib/mno-hw-mul\libc.a(lib_a-memcpy.o)
 .text.memcpy   0x00000000000282d0      0x100 c:/intelfpga_lite/20.1/nios2eds/bin/gnu/h-x86_64-mingw32/bin/../lib/gcc/nios2-elf/9.2.1/../../../../../H-x86_64-mingw32/nios2-elf/lib/mno-hw-mul\libc.a(lib_a-memcpy.o)
                0x00000000000282d0                memcpy
 .text          0x00000000000283d0        0x0 c:/intelfpga_lite/20.1/nios2eds/bin/gnu/h-x86_64-mingw32/bin/../lib/gcc/nios2-elf/9.2.1/../../../../../H-x86_64-mingw32/nios2-elf/lib/mno-hw-mul\libc.a(lib_a-strlen.o)
 .text.strlen   0x00000000000283d0       0x98 c:/intelfpga_lite/20.1/nios2eds/bin/gnu/h-x86_64-mingw32/bin/../lib/gcc/nios2-elf/9.2.1/../../../../../H-x86_64-mingw32/nios2-elf/lib/mno-hw-mul\libc.a(lib_a-strlen.o)
                0x00000000000283d0                strlen
 .text          0x0000000000028468        0x0 c:/intelfpga_lite/20.1/nios2eds/bin/gnu/h-x86_64-mingw32/bin/../lib/gcc/nios2-elf/9.2.1/../../../../../H-x86_64-mingw32/nios2-elf/lib/mno-hw-mul\libc.a(lib_a-__atexit.o)
 .text.__register_exitproc
                0x0000000000028468       0x90 c:/intelfpga_lite/20.1/nios2eds/bin/gnu/h-x86_64-mingw32/bin/../lib/gcc/nios2-elf/9.2.1/../../../../../H-x86_64-mingw32/nios2-elf/lib/mno-hw-mul\libc.a(lib_a-__atexit.o)
                0x0000000000028468                __register_exitproc
 .text          0x00000000000284f8        0x0 c:/intelfpga_lite/20.1/nios2eds/bin/gnu/h-x86_64-mingw32/bin/../lib/gcc/nios2-elf/9.2.1/../../../../../H-x86_64-mingw32/nios2-elf/lib/mno-hw-mul\libc.a(lib_a-__call_atexit.o)
 .text.__call_exitprocs
                0x00000000000284f8      0x120 c:/intelfpga_lite/20.1/nios2eds/bin/gnu/h-x86_64-mingw32/bin/../lib/gcc/nios2-elf/9.2.1/../../../../../H-x86_64-mingw32/nios2-elf/lib/mno-hw-mul\libc.a(lib_a-__call_atexit.o)
                0x00000000000284f8                __call_exitprocs
 .text          0x0000000000028618       0x38 ../../../LMX2694/software/lmx2694_bsp\libhal_bsp.a(alt_exit.o)
                0x0000000000028618                _exit
 *(.gnu.warning.*)
 *(.fini)
                [!provide]                        PROVIDE (__etext = ABSOLUTE (.))
                [!provide]                        PROVIDE (_etext = ABSOLUTE (.))
                [!provide]                        PROVIDE (etext = ABSOLUTE (.))
 *(.eh_frame_hdr)
                0x0000000000028650                . = ALIGN (0x4)
                [!provide]                        PROVIDE (__preinit_array_start = ABSOLUTE (.))
 *(.preinit_array)
                [!provide]                        PROVIDE (__preinit_array_end = ABSOLUTE (.))
                [!provide]                        PROVIDE (__init_array_start = ABSOLUTE (.))
 *(.init_array)
                [!provide]                        PROVIDE (__init_array_end = ABSOLUTE (.))
                [!provide]                        PROVIDE (__fini_array_start = ABSOLUTE (.))
 *(.fini_array)
                [!provide]                        PROVIDE (__fini_array_end = ABSOLUTE (.))
 *(.eh_frame)
 *(.gcc_except_table .gcc_except_table.*)
 *(.dynamic)
                0x0000000000028650                PROVIDE (__CTOR_LIST__ = ABSOLUTE (.))
 *(.ctors)
 .ctors         0x0000000000028650        0x4 obj/default/main.o
 .ctors         0x0000000000028654        0x4 ../../../LMX2694/software/lmx2694_lib\liblmx2694_lib.a(lmx2694Handler.o)
 *(SORT_BY_NAME(.ctors.*))
                0x0000000000028658                PROVIDE (__CTOR_END__ = ABSOLUTE (.))
                0x0000000000028658                PROVIDE (__DTOR_LIST__ = ABSOLUTE (.))
 *(.dtors)
 .dtors         0x0000000000028658        0x4 obj/default/main.o
 .dtors         0x000000000002865c        0x4 ../../../LMX2694/software/lmx2694_lib\liblmx2694_lib.a(lmx2694Handler.o)
 *(SORT_BY_NAME(.dtors.*))
                0x0000000000028660                PROVIDE (__DTOR_END__ = ABSOLUTE (.))
 *(.jcr)
                0x0000000000028660                . = ALIGN (0x4)

.rodata         0x0000000000028660      0x50c
                0x0000000000028660                PROVIDE (__ram_rodata_start = ABSOLUTE (.))
                0x0000000000028660                . = ALIGN (0x4)
 *(.rodata .rodata.* .gnu.linkonce.r.*)
 .rodata        0x0000000000028660       0xe6 obj/default/main.o
 *fill*         0x0000000000028746        0x2 
 .rodata        0x0000000000028748      0x120 ../../../LMX2694/software/lmx2694_lib\liblmx2694_lib.a(lmx2694Handler.o)
 .rodata._ZTV15lmx2694_Handler
                0x0000000000028868       0x10 ../../../LMX2694/software/lmx2694_lib\liblmx2694_lib.a(lmx2694Handler.o)
                0x0000000000028868                vtable for lmx2694_Handler
 .rodata._ZTI15lmx2694_Handler
                0x0000000000028878       0x18 ../../../LMX2694/software/lmx2694_lib\liblmx2694_lib.a(lmx2694Handler.o)
                0x0000000000028878                typeinfo for lmx2694_Handler
 .rodata._ZTS15lmx2694_Handler
                0x0000000000028890       0x12 ../../../LMX2694/software/lmx2694_lib\liblmx2694_lib.a(lmx2694Handler.o)
                0x0000000000028890                typeinfo name for lmx2694_Handler
 *fill*         0x00000000000288a2        0x2 
 .rodata._ZTV18PLL_LOCKED_CAPTURE
                0x00000000000288a4       0x10 ../../../LMX2694/software/lmx2694_lib\liblmx2694_lib.a(PLLLOCKEDCAPTURE.o)
                0x00000000000288a4                vtable for PLL_LOCKED_CAPTURE
 .rodata._ZTS18PLL_LOCKED_CAPTURE
                0x00000000000288b4       0x15 ../../../LMX2694/software/lmx2694_lib\liblmx2694_lib.a(PLLLOCKEDCAPTURE.o)
                0x00000000000288b4                typeinfo name for PLL_LOCKED_CAPTURE
 *fill*         0x00000000000288c9        0x3 
 .rodata._ZTV11SPI_Handler
                0x00000000000288cc       0x10 ../../../LMX2694/software/lmx2694_lib\liblmx2694_lib.a(SPIHandler.o)
                0x00000000000288cc                vtable for SPI_Handler
 .rodata._ZTS11SPI_Handler
                0x00000000000288dc        0xe ../../../LMX2694/software/lmx2694_lib\liblmx2694_lib.a(SPIHandler.o)
                0x00000000000288dc                typeinfo name for SPI_Handler
 *fill*         0x00000000000288ea        0x2 
 .rodata._ZTSN10__cxxabiv117__class_type_infoE
                0x00000000000288ec       0x22 c:/intelfpga_lite/20.1/nios2eds/bin/gnu/h-x86_64-mingw32/bin/../lib/gcc/nios2-elf/9.2.1/../../../../../H-x86_64-mingw32/nios2-elf/lib/mno-hw-mul\libstdc++.a(class_type_info.o)
                0x00000000000288ec                typeinfo name for __cxxabiv1::__class_type_info
 *fill*         0x000000000002890e        0x2 
 .rodata._ZTIN10__cxxabiv117__class_type_infoE
                0x0000000000028910        0xc c:/intelfpga_lite/20.1/nios2eds/bin/gnu/h-x86_64-mingw32/bin/../lib/gcc/nios2-elf/9.2.1/../../../../../H-x86_64-mingw32/nios2-elf/lib/mno-hw-mul\libstdc++.a(class_type_info.o)
                0x0000000000028910                typeinfo for __cxxabiv1::__class_type_info
 .rodata._ZTVN10__cxxabiv117__class_type_infoE
                0x000000000002891c       0x2c c:/intelfpga_lite/20.1/nios2eds/bin/gnu/h-x86_64-mingw32/bin/../lib/gcc/nios2-elf/9.2.1/../../../../../H-x86_64-mingw32/nios2-elf/lib/mno-hw-mul\libstdc++.a(class_type_info.o)
                0x000000000002891c                vtable for __cxxabiv1::__class_type_info
 .rodata._ZTSN10__cxxabiv120__si_class_type_infoE
                0x0000000000028948       0x25 c:/intelfpga_lite/20.1/nios2eds/bin/gnu/h-x86_64-mingw32/bin/../lib/gcc/nios2-elf/9.2.1/../../../../../H-x86_64-mingw32/nios2-elf/lib/mno-hw-mul\libstdc++.a(si_class_type_info.o)
                0x0000000000028948                typeinfo name for __cxxabiv1::__si_class_type_info
 *fill*         0x000000000002896d        0x3 
 .rodata._ZTIN10__cxxabiv120__si_class_type_infoE
                0x0000000000028970        0xc c:/intelfpga_lite/20.1/nios2eds/bin/gnu/h-x86_64-mingw32/bin/../lib/gcc/nios2-elf/9.2.1/../../../../../H-x86_64-mingw32/nios2-elf/lib/mno-hw-mul\libstdc++.a(si_class_type_info.o)
                0x0000000000028970                typeinfo for __cxxabiv1::__si_class_type_info
 .rodata._ZTVN10__cxxabiv120__si_class_type_infoE
                0x000000000002897c       0x2c c:/intelfpga_lite/20.1/nios2eds/bin/gnu/h-x86_64-mingw32/bin/../lib/gcc/nios2-elf/9.2.1/../../../../../H-x86_64-mingw32/nios2-elf/lib/mno-hw-mul\libstdc++.a(si_class_type_info.o)
                0x000000000002897c                vtable for __cxxabiv1::__si_class_type_info
 .rodata._ZTSSt9type_info
                0x00000000000289a8        0xd c:/intelfpga_lite/20.1/nios2eds/bin/gnu/h-x86_64-mingw32/bin/../lib/gcc/nios2-elf/9.2.1/../../../../../H-x86_64-mingw32/nios2-elf/lib/mno-hw-mul\libstdc++.a(tinfo.o)
                0x00000000000289a8                typeinfo name for std::type_info
 *fill*         0x00000000000289b5        0x3 
 .rodata._ZTVSt9type_info
                0x00000000000289b8       0x20 c:/intelfpga_lite/20.1/nios2eds/bin/gnu/h-x86_64-mingw32/bin/../lib/gcc/nios2-elf/9.2.1/../../../../../H-x86_64-mingw32/nios2-elf/lib/mno-hw-mul\libstdc++.a(tinfo.o)
                0x00000000000289b8                vtable for std::type_info
 .rodata._ZTSN10__cxxabiv121__vmi_class_type_infoE
                0x00000000000289d8       0x26 c:/intelfpga_lite/20.1/nios2eds/bin/gnu/h-x86_64-mingw32/bin/../lib/gcc/nios2-elf/9.2.1/../../../../../H-x86_64-mingw32/nios2-elf/lib/mno-hw-mul\libstdc++.a(vmi_class_type_info.o)
                0x00000000000289d8                typeinfo name for __cxxabiv1::__vmi_class_type_info
 *fill*         0x00000000000289fe        0x2 
 .rodata._ZTIN10__cxxabiv121__vmi_class_type_infoE
                0x0000000000028a00        0xc c:/intelfpga_lite/20.1/nios2eds/bin/gnu/h-x86_64-mingw32/bin/../lib/gcc/nios2-elf/9.2.1/../../../../../H-x86_64-mingw32/nios2-elf/lib/mno-hw-mul\libstdc++.a(vmi_class_type_info.o)
                0x0000000000028a00                typeinfo for __cxxabiv1::__vmi_class_type_info
 .rodata._ZTVN10__cxxabiv121__vmi_class_type_infoE
                0x0000000000028a0c       0x2c c:/intelfpga_lite/20.1/nios2eds/bin/gnu/h-x86_64-mingw32/bin/../lib/gcc/nios2-elf/9.2.1/../../../../../H-x86_64-mingw32/nios2-elf/lib/mno-hw-mul\libstdc++.a(vmi_class_type_info.o)
                0x0000000000028a0c                vtable for __cxxabiv1::__vmi_class_type_info
 .rodata        0x0000000000028a38      0x100 c:/intelfpga_lite/20.1/nios2eds/bin/gnu/h-x86_64-mingw32/bin/../lib/gcc/nios2-elf/9.2.1/mno-hw-mul\libgcc.a(_clz.o)
                0x0000000000028a38                __clz_tab
 .rodata        0x0000000000028b38       0x11 ../../../LMX2694/software/lmx2694_bsp\libhal_bsp.a(alt_main.o)
 *fill*         0x0000000000028b49        0x3 
 .rodata        0x0000000000028b4c       0x11 ../../../LMX2694/software/lmx2694_bsp\libhal_bsp.a(alt_sys_init.o)
 *fill*         0x0000000000028b5d        0x3 
 .rodata        0x0000000000028b60        0xa ../../../LMX2694/software/lmx2694_bsp\libhal_bsp.a(alt_dev.o)
 *(.rodata1)
                0x0000000000028b6c                . = ALIGN (0x4)
 *fill*         0x0000000000028b6a        0x2 
                0x0000000000028b6c                PROVIDE (__ram_rodata_end = ABSOLUTE (.))
                0x0000000000028660                PROVIDE (__flash_rodata_start = LOADADDR (.rodata))

.rwdata         0x0000000000028b6c     0x1a88 load address 0x000000000002a5f4
                0x0000000000028b6c                PROVIDE (__ram_rwdata_start = ABSOLUTE (.))
                0x0000000000028b6c                . = ALIGN (0x4)
 *(.got.plt)
 *(.got)
 *(.data1)
 *(.data .data.* .gnu.linkonce.d.*)
 .data          0x0000000000028b6c        0x0 ../../../LMX2694/software/lmx2694_bsp/obj/HAL/src/crt0.o
 .data          0x0000000000028b6c        0x0 obj/default/main.o
 .data          0x0000000000028b6c        0x0 ../../../LMX2694/software/lmx2694_lib\liblmx2694_lib.a(lmx2694Handler.o)
 .data          0x0000000000028b6c        0x0 ../../../LMX2694/software/lmx2694_lib\liblmx2694_lib.a(PLLLOCKEDCAPTURE.o)
 .data          0x0000000000028b6c        0x0 ../../../LMX2694/software/lmx2694_lib\liblmx2694_lib.a(SPIHandler.o)
 .data          0x0000000000028b6c        0x0 c:/intelfpga_lite/20.1/nios2eds/bin/gnu/h-x86_64-mingw32/bin/../lib/gcc/nios2-elf/9.2.1/../../../../../H-x86_64-mingw32/nios2-elf/lib/mno-hw-mul\libstdc++.a(class_type_info.o)
 .data          0x0000000000028b6c        0x0 c:/intelfpga_lite/20.1/nios2eds/bin/gnu/h-x86_64-mingw32/bin/../lib/gcc/nios2-elf/9.2.1/../../../../../H-x86_64-mingw32/nios2-elf/lib/mno-hw-mul\libstdc++.a(del_ops.o)
 .data          0x0000000000028b6c        0x0 c:/intelfpga_lite/20.1/nios2eds/bin/gnu/h-x86_64-mingw32/bin/../lib/gcc/nios2-elf/9.2.1/../../../../../H-x86_64-mingw32/nios2-elf/lib/mno-hw-mul\libstdc++.a(si_class_type_info.o)
 .data          0x0000000000028b6c        0x0 c:/intelfpga_lite/20.1/nios2eds/bin/gnu/h-x86_64-mingw32/bin/../lib/gcc/nios2-elf/9.2.1/../../../../../H-x86_64-mingw32/nios2-elf/lib/mno-hw-mul\libstdc++.a(tinfo.o)
 .data          0x0000000000028b6c        0x0 c:/intelfpga_lite/20.1/nios2eds/bin/gnu/h-x86_64-mingw32/bin/../lib/gcc/nios2-elf/9.2.1/../../../../../H-x86_64-mingw32/nios2-elf/lib/mno-hw-mul\libstdc++.a(vmi_class_type_info.o)
 .data          0x0000000000028b6c        0x0 c:/intelfpga_lite/20.1/nios2eds/bin/gnu/h-x86_64-mingw32/bin/../lib/gcc/nios2-elf/9.2.1/../../../../../H-x86_64-mingw32/nios2-elf/lib/mno-hw-mul\libstdc++.a(del_op.o)
 .data          0x0000000000028b6c        0x0 c:/intelfpga_lite/20.1/nios2eds/bin/gnu/h-x86_64-mingw32/bin/../lib/gcc/nios2-elf/9.2.1/../../../../../H-x86_64-mingw32/nios2-elf/lib/mno-hw-mul\libm.a(lib_a-sf_floor.o)
 .data          0x0000000000028b6c        0x0 c:/intelfpga_lite/20.1/nios2eds/bin/gnu/h-x86_64-mingw32/bin/../lib/gcc/nios2-elf/9.2.1/../../../../../H-x86_64-mingw32/nios2-elf/lib/mno-hw-mul\libm.a(lib_a-sf_round.o)
 .data          0x0000000000028b6c        0x0 c:/intelfpga_lite/20.1/nios2eds/bin/gnu/h-x86_64-mingw32/bin/../lib/gcc/nios2-elf/9.2.1/mno-hw-mul\libgcc.a(_fixunssfsi.o)
 .data          0x0000000000028b6c        0x0 c:/intelfpga_lite/20.1/nios2eds/bin/gnu/h-x86_64-mingw32/bin/../lib/gcc/nios2-elf/9.2.1/mno-hw-mul\libgcc.a(lib2-divmod.o)
 .data          0x0000000000028b6c        0x0 c:/intelfpga_lite/20.1/nios2eds/bin/gnu/h-x86_64-mingw32/bin/../lib/gcc/nios2-elf/9.2.1/mno-hw-mul\libgcc.a(addsf3.o)
 .data          0x0000000000028b6c        0x0 c:/intelfpga_lite/20.1/nios2eds/bin/gnu/h-x86_64-mingw32/bin/../lib/gcc/nios2-elf/9.2.1/mno-hw-mul\libgcc.a(divsf3.o)
 .data          0x0000000000028b6c        0x0 c:/intelfpga_lite/20.1/nios2eds/bin/gnu/h-x86_64-mingw32/bin/../lib/gcc/nios2-elf/9.2.1/mno-hw-mul\libgcc.a(gesf2.o)
 .data          0x0000000000028b6c        0x0 c:/intelfpga_lite/20.1/nios2eds/bin/gnu/h-x86_64-mingw32/bin/../lib/gcc/nios2-elf/9.2.1/mno-hw-mul\libgcc.a(lesf2.o)
 .data          0x0000000000028b6c        0x0 c:/intelfpga_lite/20.1/nios2eds/bin/gnu/h-x86_64-mingw32/bin/../lib/gcc/nios2-elf/9.2.1/mno-hw-mul\libgcc.a(mulsf3.o)
 .data          0x0000000000028b6c        0x0 c:/intelfpga_lite/20.1/nios2eds/bin/gnu/h-x86_64-mingw32/bin/../lib/gcc/nios2-elf/9.2.1/mno-hw-mul\libgcc.a(subsf3.o)
 .data          0x0000000000028b6c        0x0 c:/intelfpga_lite/20.1/nios2eds/bin/gnu/h-x86_64-mingw32/bin/../lib/gcc/nios2-elf/9.2.1/mno-hw-mul\libgcc.a(fixsfsi.o)
 .data          0x0000000000028b6c        0x0 c:/intelfpga_lite/20.1/nios2eds/bin/gnu/h-x86_64-mingw32/bin/../lib/gcc/nios2-elf/9.2.1/mno-hw-mul\libgcc.a(floatsisf.o)
 .data          0x0000000000028b6c        0x0 c:/intelfpga_lite/20.1/nios2eds/bin/gnu/h-x86_64-mingw32/bin/../lib/gcc/nios2-elf/9.2.1/mno-hw-mul\libgcc.a(floatunsisf.o)
 .data          0x0000000000028b6c        0x0 c:/intelfpga_lite/20.1/nios2eds/bin/gnu/h-x86_64-mingw32/bin/../lib/gcc/nios2-elf/9.2.1/mno-hw-mul\libgcc.a(_clzsi2.o)
 .data          0x0000000000028b6c        0x0 c:/intelfpga_lite/20.1/nios2eds/bin/gnu/h-x86_64-mingw32/bin/../lib/gcc/nios2-elf/9.2.1/mno-hw-mul\libgcc.a(lib2-mul.o)
 .data          0x0000000000028b6c        0x0 c:/intelfpga_lite/20.1/nios2eds/bin/gnu/h-x86_64-mingw32/bin/../lib/gcc/nios2-elf/9.2.1/mno-hw-mul\libgcc.a(_clz.o)
 .data          0x0000000000028b6c        0x0 c:/intelfpga_lite/20.1/nios2eds/bin/gnu/h-x86_64-mingw32/bin/../lib/gcc/nios2-elf/9.2.1/../../../../../H-x86_64-mingw32/nios2-elf/lib/mno-hw-mul\libc.a(lib_a-malloc.o)
 .data          0x0000000000028b6c        0x0 c:/intelfpga_lite/20.1/nios2eds/bin/gnu/h-x86_64-mingw32/bin/../lib/gcc/nios2-elf/9.2.1/../../../../../H-x86_64-mingw32/nios2-elf/lib/mno-hw-mul\libc.a(lib_a-mallocr.o)
 .data.__malloc_av_
                0x0000000000028b6c      0x408 c:/intelfpga_lite/20.1/nios2eds/bin/gnu/h-x86_64-mingw32/bin/../lib/gcc/nios2-elf/9.2.1/../../../../../H-x86_64-mingw32/nios2-elf/lib/mno-hw-mul\libc.a(lib_a-mallocr.o)
                0x0000000000028b6c                __malloc_av_
 .data          0x0000000000028f74        0x0 c:/intelfpga_lite/20.1/nios2eds/bin/gnu/h-x86_64-mingw32/bin/../lib/gcc/nios2-elf/9.2.1/../../../../../H-x86_64-mingw32/nios2-elf/lib/mno-hw-mul\libc.a(lib_a-memset.o)
 .data          0x0000000000028f74        0x0 c:/intelfpga_lite/20.1/nios2eds/bin/gnu/h-x86_64-mingw32/bin/../lib/gcc/nios2-elf/9.2.1/../../../../../H-x86_64-mingw32/nios2-elf/lib/mno-hw-mul\libc.a(lib_a-sbrkr.o)
 .data          0x0000000000028f74        0x0 c:/intelfpga_lite/20.1/nios2eds/bin/gnu/h-x86_64-mingw32/bin/../lib/gcc/nios2-elf/9.2.1/../../../../../H-x86_64-mingw32/nios2-elf/lib/mno-hw-mul\libc.a(lib_a-strcmp.o)
 .data          0x0000000000028f74        0x0 c:/intelfpga_lite/20.1/nios2eds/bin/gnu/h-x86_64-mingw32/bin/../lib/gcc/nios2-elf/9.2.1/../../../../../H-x86_64-mingw32/nios2-elf/lib/mno-hw-mul\libc.a(lib_a-freer.o)
 .data          0x0000000000028f74        0x0 c:/intelfpga_lite/20.1/nios2eds/bin/gnu/h-x86_64-mingw32/bin/../lib/gcc/nios2-elf/9.2.1/../../../../../H-x86_64-mingw32/nios2-elf/lib/mno-hw-mul\libc.a(lib_a-impure.o)
 .data.impure_data
                0x0000000000028f74      0x424 c:/intelfpga_lite/20.1/nios2eds/bin/gnu/h-x86_64-mingw32/bin/../lib/gcc/nios2-elf/9.2.1/../../../../../H-x86_64-mingw32/nios2-elf/lib/mno-hw-mul\libc.a(lib_a-impure.o)
 .data          0x0000000000029398        0x0 c:/intelfpga_lite/20.1/nios2eds/bin/gnu/h-x86_64-mingw32/bin/../lib/gcc/nios2-elf/9.2.1/../../../../../H-x86_64-mingw32/nios2-elf/lib/mno-hw-mul\libc.a(lib_a-int_errno.o)
 .data          0x0000000000029398        0x0 ../../../LMX2694/software/lmx2694_bsp\libhal_bsp.a(alt_iic.o)
 .data          0x0000000000029398        0x0 ../../../LMX2694/software/lmx2694_bsp\libhal_bsp.a(alt_iic_isr_register.o)
 .data          0x0000000000029398        0x0 ../../../LMX2694/software/lmx2694_bsp\libhal_bsp.a(alt_irq_entry.o)
 .data          0x0000000000029398        0x0 ../../../LMX2694/software/lmx2694_bsp\libhal_bsp.a(alt_irq_handler.o)
 .data          0x0000000000029398        0x0 ../../../LMX2694/software/lmx2694_bsp\libhal_bsp.a(alt_irq_vars.o)
 .data          0x0000000000029398        0x0 ../../../LMX2694/software/lmx2694_bsp\libhal_bsp.a(alt_load.o)
 .data          0x0000000000029398        0x0 ../../../LMX2694/software/lmx2694_bsp\libhal_bsp.a(alt_main.o)
 .data          0x0000000000029398        0x0 ../../../LMX2694/software/lmx2694_bsp\libhal_bsp.a(alt_malloc_lock.o)
 .data          0x0000000000029398        0x0 ../../../LMX2694/software/lmx2694_bsp\libhal_bsp.a(alt_sbrk.o)
 .data          0x0000000000029398        0x0 ../../../LMX2694/software/lmx2694_bsp\libhal_bsp.a(alt_usleep.o)
 .data          0x0000000000029398     0x1060 ../../../LMX2694/software/lmx2694_bsp\libhal_bsp.a(alt_sys_init.o)
 .data          0x000000000002a3f8        0x0 ../../../LMX2694/software/lmx2694_bsp\libhal_bsp.a(altera_avalon_jtag_uart_fd.o)
 .data          0x000000000002a3f8        0x0 ../../../LMX2694/software/lmx2694_bsp\libhal_bsp.a(altera_avalon_jtag_uart_init.o)
 .data          0x000000000002a3f8        0x0 ../../../LMX2694/software/lmx2694_bsp\libhal_bsp.a(altera_avalon_jtag_uart_ioctl.o)
 .data          0x000000000002a3f8        0x0 ../../../LMX2694/software/lmx2694_bsp\libhal_bsp.a(altera_avalon_jtag_uart_read.o)
 .data          0x000000000002a3f8        0x0 ../../../LMX2694/software/lmx2694_bsp\libhal_bsp.a(altera_avalon_jtag_uart_write.o)
 .data          0x000000000002a3f8        0x0 ../../../LMX2694/software/lmx2694_bsp\libhal_bsp.a(altera_avalon_spi.o)
 .data          0x000000000002a3f8        0x0 ../../../LMX2694/software/lmx2694_bsp\libhal_bsp.a(altera_avalon_timer_sc.o)
 .data          0x000000000002a3f8        0x0 ../../../LMX2694/software/lmx2694_bsp\libhal_bsp.a(alt_alarm_start.o)
 .data          0x000000000002a3f8        0x0 ../../../LMX2694/software/lmx2694_bsp\libhal_bsp.a(alt_busy_sleep.o)
 .data          0x000000000002a3f8        0x0 ../../../LMX2694/software/lmx2694_bsp\libhal_bsp.a(alt_close.o)
 .data          0x000000000002a3f8        0x0 ../../../LMX2694/software/lmx2694_bsp\libhal_bsp.a(alt_dcache_flush_all.o)
 .data          0x000000000002a3f8      0x1a8 ../../../LMX2694/software/lmx2694_bsp\libhal_bsp.a(alt_dev.o)
                0x000000000002a3f8                alt_dev_null
                0x000000000002a420                alt_fd_list
 .data          0x000000000002a5a0        0x0 ../../../LMX2694/software/lmx2694_bsp\libhal_bsp.a(alt_dev_llist_insert.o)
 .data          0x000000000002a5a0        0x0 ../../../LMX2694/software/lmx2694_bsp\libhal_bsp.a(alt_do_ctors.o)
 .data          0x000000000002a5a0        0x0 ../../../LMX2694/software/lmx2694_bsp\libhal_bsp.a(alt_do_dtors.o)
 .data          0x000000000002a5a0        0x0 ../../../LMX2694/software/lmx2694_bsp\libhal_bsp.a(alt_errno.o)
 .data          0x000000000002a5a0        0x0 ../../../LMX2694/software/lmx2694_bsp\libhal_bsp.a(alt_exception_entry.o)
 .data          0x000000000002a5a0        0x0 ../../../LMX2694/software/lmx2694_bsp\libhal_bsp.a(alt_icache_flush_all.o)
 .data          0x000000000002a5a0        0x0 ../../../LMX2694/software/lmx2694_bsp\libhal_bsp.a(alt_instruction_exception_entry.o)
 .data          0x000000000002a5a0        0x0 ../../../LMX2694/software/lmx2694_bsp\libhal_bsp.a(alt_io_redirect.o)
 .data          0x000000000002a5a0        0x0 ../../../LMX2694/software/lmx2694_bsp\libhal_bsp.a(alt_open.o)
 .data          0x000000000002a5a0        0x0 ../../../LMX2694/software/lmx2694_bsp\libhal_bsp.a(alt_release_fd.o)
 .data          0x000000000002a5a0        0x0 ../../../LMX2694/software/lmx2694_bsp\libhal_bsp.a(alt_tick.o)
 .data          0x000000000002a5a0        0x0 ../../../LMX2694/software/lmx2694_bsp\libhal_bsp.a(altera_nios2_gen2_irq.o)
 .data          0x000000000002a5a0        0x0 ../../../LMX2694/software/lmx2694_bsp\libhal_bsp.a(alt_find_dev.o)
 .data          0x000000000002a5a0        0x0 ../../../LMX2694/software/lmx2694_bsp\libhal_bsp.a(alt_find_file.o)
 .data          0x000000000002a5a0        0x0 ../../../LMX2694/software/lmx2694_bsp\libhal_bsp.a(alt_get_fd.o)
 .data          0x000000000002a5a0        0x0 c:/intelfpga_lite/20.1/nios2eds/bin/gnu/h-x86_64-mingw32/bin/../lib/gcc/nios2-elf/9.2.1/../../../../../H-x86_64-mingw32/nios2-elf/lib/mno-hw-mul\libc.a(lib_a-atexit.o)
 .data          0x000000000002a5a0        0x0 c:/intelfpga_lite/20.1/nios2eds/bin/gnu/h-x86_64-mingw32/bin/../lib/gcc/nios2-elf/9.2.1/../../../../../H-x86_64-mingw32/nios2-elf/lib/mno-hw-mul\libc.a(lib_a-exit.o)
 .data          0x000000000002a5a0        0x0 c:/intelfpga_lite/20.1/nios2eds/bin/gnu/h-x86_64-mingw32/bin/../lib/gcc/nios2-elf/9.2.1/../../../../../H-x86_64-mingw32/nios2-elf/lib/mno-hw-mul\libc.a(lib_a-memcmp.o)
 .data          0x000000000002a5a0        0x0 c:/intelfpga_lite/20.1/nios2eds/bin/gnu/h-x86_64-mingw32/bin/../lib/gcc/nios2-elf/9.2.1/../../../../../H-x86_64-mingw32/nios2-elf/lib/mno-hw-mul\libc.a(lib_a-memcpy.o)
 .data          0x000000000002a5a0        0x0 c:/intelfpga_lite/20.1/nios2eds/bin/gnu/h-x86_64-mingw32/bin/../lib/gcc/nios2-elf/9.2.1/../../../../../H-x86_64-mingw32/nios2-elf/lib/mno-hw-mul\libc.a(lib_a-strlen.o)
 .data          0x000000000002a5a0        0x0 c:/intelfpga_lite/20.1/nios2eds/bin/gnu/h-x86_64-mingw32/bin/../lib/gcc/nios2-elf/9.2.1/../../../../../H-x86_64-mingw32/nios2-elf/lib/mno-hw-mul\libc.a(lib_a-__atexit.o)
 .data          0x000000000002a5a0        0x0 c:/intelfpga_lite/20.1/nios2eds/bin/gnu/h-x86_64-mingw32/bin/../lib/gcc/nios2-elf/9.2.1/../../../../../H-x86_64-mingw32/nios2-elf/lib/mno-hw-mul\libc.a(lib_a-__call_atexit.o)
 .data          0x000000000002a5a0        0x0 ../../../LMX2694/software/lmx2694_bsp\libhal_bsp.a(alt_exit.o)
                0x00000000000325a0                _gp = ABSOLUTE ((. + 0x8000))
                [!provide]                        PROVIDE (gp = _gp)
 *(.rwdata .rwdata.*)
 *(.sdata .sdata.* .gnu.linkonce.s.*)
 .sdata         0x000000000002a5a0        0x8 ../../../LMX2694/software/lmx2694_lib\liblmx2694_lib.a(lmx2694Handler.o)
 .sdata._ZTI18PLL_LOCKED_CAPTURE
                0x000000000002a5a8        0x8 ../../../LMX2694/software/lmx2694_lib\liblmx2694_lib.a(PLLLOCKEDCAPTURE.o)
                0x000000000002a5a8                typeinfo for PLL_LOCKED_CAPTURE
 .sdata._ZTI11SPI_Handler
                0x000000000002a5b0        0x8 ../../../LMX2694/software/lmx2694_lib\liblmx2694_lib.a(SPIHandler.o)
                0x000000000002a5b0                typeinfo for SPI_Handler
 .sdata._ZTISt9type_info
                0x000000000002a5b8        0x8 c:/intelfpga_lite/20.1/nios2eds/bin/gnu/h-x86_64-mingw32/bin/../lib/gcc/nios2-elf/9.2.1/../../../../../H-x86_64-mingw32/nios2-elf/lib/mno-hw-mul\libstdc++.a(tinfo.o)
                0x000000000002a5b8                typeinfo for std::type_info
 .sdata.__malloc_sbrk_base
                0x000000000002a5c0        0x4 c:/intelfpga_lite/20.1/nios2eds/bin/gnu/h-x86_64-mingw32/bin/../lib/gcc/nios2-elf/9.2.1/../../../../../H-x86_64-mingw32/nios2-elf/lib/mno-hw-mul\libc.a(lib_a-mallocr.o)
                0x000000000002a5c0                __malloc_sbrk_base
 .sdata.__malloc_trim_threshold
                0x000000000002a5c4        0x4 c:/intelfpga_lite/20.1/nios2eds/bin/gnu/h-x86_64-mingw32/bin/../lib/gcc/nios2-elf/9.2.1/../../../../../H-x86_64-mingw32/nios2-elf/lib/mno-hw-mul\libc.a(lib_a-mallocr.o)
                0x000000000002a5c4                __malloc_trim_threshold
 .sdata._global_impure_ptr
                0x000000000002a5c8        0x4 c:/intelfpga_lite/20.1/nios2eds/bin/gnu/h-x86_64-mingw32/bin/../lib/gcc/nios2-elf/9.2.1/../../../../../H-x86_64-mingw32/nios2-elf/lib/mno-hw-mul\libc.a(lib_a-impure.o)
                0x000000000002a5c8                _global_impure_ptr
 .sdata._impure_ptr
                0x000000000002a5cc        0x4 c:/intelfpga_lite/20.1/nios2eds/bin/gnu/h-x86_64-mingw32/bin/../lib/gcc/nios2-elf/9.2.1/../../../../../H-x86_64-mingw32/nios2-elf/lib/mno-hw-mul\libc.a(lib_a-impure.o)
                0x000000000002a5cc                _impure_ptr
 .sdata         0x000000000002a5d0        0x4 ../../../LMX2694/software/lmx2694_bsp\libhal_bsp.a(alt_sbrk.o)
 .sdata         0x000000000002a5d4       0x14 ../../../LMX2694/software/lmx2694_bsp\libhal_bsp.a(alt_dev.o)
                0x000000000002a5d4                alt_fs_list
                0x000000000002a5dc                alt_dev_list
                0x000000000002a5e4                alt_max_fd
 .sdata         0x000000000002a5e8        0x4 ../../../LMX2694/software/lmx2694_bsp\libhal_bsp.a(alt_errno.o)
                0x000000000002a5e8                alt_errno
 .sdata         0x000000000002a5ec        0x8 ../../../LMX2694/software/lmx2694_bsp\libhal_bsp.a(alt_tick.o)
                0x000000000002a5ec                alt_alarm_list
 *(.sdata2 .sdata2.* .gnu.linkonce.s2.*)
                0x000000000002a5f4                . = ALIGN (0x4)
                0x000000000002a5f4                _edata = ABSOLUTE (.)
                [!provide]                        PROVIDE (edata = ABSOLUTE (.))
                0x000000000002a5f4                PROVIDE (__ram_rwdata_end = ABSOLUTE (.))
                0x000000000002a5f4                PROVIDE (__flash_rwdata_start = LOADADDR (.rwdata))

.bss            0x000000000002c07c      0x3d0
                0x000000000002c07c                __bss_start = ABSOLUTE (.)
                [!provide]                        PROVIDE (__sbss_start = ABSOLUTE (.))
                [!provide]                        PROVIDE (___sbss_start = ABSOLUTE (.))
 *(.dynsbss)
 *(.sbss .sbss.* .gnu.linkonce.sb.*)
 .sbss.__malloc_max_total_mem
                0x000000000002c07c        0x4 c:/intelfpga_lite/20.1/nios2eds/bin/gnu/h-x86_64-mingw32/bin/../lib/gcc/nios2-elf/9.2.1/../../../../../H-x86_64-mingw32/nios2-elf/lib/mno-hw-mul\libc.a(lib_a-mallocr.o)
                0x000000000002c07c                __malloc_max_total_mem
 .sbss.__malloc_max_sbrked_mem
                0x000000000002c080        0x4 c:/intelfpga_lite/20.1/nios2eds/bin/gnu/h-x86_64-mingw32/bin/../lib/gcc/nios2-elf/9.2.1/../../../../../H-x86_64-mingw32/nios2-elf/lib/mno-hw-mul\libc.a(lib_a-mallocr.o)
                0x000000000002c080                __malloc_max_sbrked_mem
 .sbss.__malloc_top_pad
                0x000000000002c084        0x4 c:/intelfpga_lite/20.1/nios2eds/bin/gnu/h-x86_64-mingw32/bin/../lib/gcc/nios2-elf/9.2.1/../../../../../H-x86_64-mingw32/nios2-elf/lib/mno-hw-mul\libc.a(lib_a-mallocr.o)
                0x000000000002c084                __malloc_top_pad
 .sbss          0x000000000002c088        0x4 c:/intelfpga_lite/20.1/nios2eds/bin/gnu/h-x86_64-mingw32/bin/../lib/gcc/nios2-elf/9.2.1/../../../../../H-x86_64-mingw32/nios2-elf/lib/mno-hw-mul\libc.a(lib_a-int_errno.o)
                0x000000000002c088                errno
 .sbss          0x000000000002c08c        0x4 ../../../LMX2694/software/lmx2694_bsp\libhal_bsp.a(alt_irq_vars.o)
                0x000000000002c08c                alt_irq_active
 .sbss          0x000000000002c090        0xc ../../../LMX2694/software/lmx2694_bsp\libhal_bsp.a(alt_main.o)
                0x000000000002c090                alt_argc
                0x000000000002c094                alt_argv
                0x000000000002c098                alt_envp
 .sbss          0x000000000002c09c        0x4 ../../../LMX2694/software/lmx2694_bsp\libhal_bsp.a(alt_instruction_exception_entry.o)
                0x000000000002c09c                alt_instruction_exception_handler
 .sbss          0x000000000002c0a0        0x8 ../../../LMX2694/software/lmx2694_bsp\libhal_bsp.a(alt_tick.o)
                0x000000000002c0a0                _alt_tick_rate
                0x000000000002c0a4                _alt_nticks
 *(.sbss2 .sbss2.* .gnu.linkonce.sb2.*)
 *(.scommon)
                [!provide]                        PROVIDE (__sbss_end = ABSOLUTE (.))
                [!provide]                        PROVIDE (___sbss_end = ABSOLUTE (.))
 *(.dynbss)
 *(.bss .bss.* .gnu.linkonce.b.*)
 .bss           0x000000000002c0a8        0x0 ../../../LMX2694/software/lmx2694_bsp/obj/HAL/src/crt0.o
 .bss           0x000000000002c0a8       0x60 obj/default/main.o
 .bss           0x000000000002c108      0x21c ../../../LMX2694/software/lmx2694_lib\liblmx2694_lib.a(lmx2694Handler.o)
 .bss           0x000000000002c324        0x0 ../../../LMX2694/software/lmx2694_lib\liblmx2694_lib.a(PLLLOCKEDCAPTURE.o)
 .bss           0x000000000002c324        0x0 ../../../LMX2694/software/lmx2694_lib\liblmx2694_lib.a(SPIHandler.o)
 .bss           0x000000000002c324        0x0 c:/intelfpga_lite/20.1/nios2eds/bin/gnu/h-x86_64-mingw32/bin/../lib/gcc/nios2-elf/9.2.1/../../../../../H-x86_64-mingw32/nios2-elf/lib/mno-hw-mul\libstdc++.a(class_type_info.o)
 .bss           0x000000000002c324        0x0 c:/intelfpga_lite/20.1/nios2eds/bin/gnu/h-x86_64-mingw32/bin/../lib/gcc/nios2-elf/9.2.1/../../../../../H-x86_64-mingw32/nios2-elf/lib/mno-hw-mul\libstdc++.a(del_ops.o)
 .bss           0x000000000002c324        0x0 c:/intelfpga_lite/20.1/nios2eds/bin/gnu/h-x86_64-mingw32/bin/../lib/gcc/nios2-elf/9.2.1/../../../../../H-x86_64-mingw32/nios2-elf/lib/mno-hw-mul\libstdc++.a(si_class_type_info.o)
 .bss           0x000000000002c324        0x0 c:/intelfpga_lite/20.1/nios2eds/bin/gnu/h-x86_64-mingw32/bin/../lib/gcc/nios2-elf/9.2.1/../../../../../H-x86_64-mingw32/nios2-elf/lib/mno-hw-mul\libstdc++.a(tinfo.o)
 .bss           0x000000000002c324        0x0 c:/intelfpga_lite/20.1/nios2eds/bin/gnu/h-x86_64-mingw32/bin/../lib/gcc/nios2-elf/9.2.1/../../../../../H-x86_64-mingw32/nios2-elf/lib/mno-hw-mul\libstdc++.a(vmi_class_type_info.o)
 .bss           0x000000000002c324        0x0 c:/intelfpga_lite/20.1/nios2eds/bin/gnu/h-x86_64-mingw32/bin/../lib/gcc/nios2-elf/9.2.1/../../../../../H-x86_64-mingw32/nios2-elf/lib/mno-hw-mul\libstdc++.a(del_op.o)
 .bss           0x000000000002c324        0x0 c:/intelfpga_lite/20.1/nios2eds/bin/gnu/h-x86_64-mingw32/bin/../lib/gcc/nios2-elf/9.2.1/../../../../../H-x86_64-mingw32/nios2-elf/lib/mno-hw-mul\libm.a(lib_a-sf_floor.o)
 .bss           0x000000000002c324        0x0 c:/intelfpga_lite/20.1/nios2eds/bin/gnu/h-x86_64-mingw32/bin/../lib/gcc/nios2-elf/9.2.1/../../../../../H-x86_64-mingw32/nios2-elf/lib/mno-hw-mul\libm.a(lib_a-sf_round.o)
 .bss           0x000000000002c324        0x0 c:/intelfpga_lite/20.1/nios2eds/bin/gnu/h-x86_64-mingw32/bin/../lib/gcc/nios2-elf/9.2.1/mno-hw-mul\libgcc.a(_fixunssfsi.o)
 .bss           0x000000000002c324        0x0 c:/intelfpga_lite/20.1/nios2eds/bin/gnu/h-x86_64-mingw32/bin/../lib/gcc/nios2-elf/9.2.1/mno-hw-mul\libgcc.a(lib2-divmod.o)
 .bss           0x000000000002c324        0x0 c:/intelfpga_lite/20.1/nios2eds/bin/gnu/h-x86_64-mingw32/bin/../lib/gcc/nios2-elf/9.2.1/mno-hw-mul\libgcc.a(addsf3.o)
 .bss           0x000000000002c324        0x0 c:/intelfpga_lite/20.1/nios2eds/bin/gnu/h-x86_64-mingw32/bin/../lib/gcc/nios2-elf/9.2.1/mno-hw-mul\libgcc.a(divsf3.o)
 .bss           0x000000000002c324        0x0 c:/intelfpga_lite/20.1/nios2eds/bin/gnu/h-x86_64-mingw32/bin/../lib/gcc/nios2-elf/9.2.1/mno-hw-mul\libgcc.a(gesf2.o)
 .bss           0x000000000002c324        0x0 c:/intelfpga_lite/20.1/nios2eds/bin/gnu/h-x86_64-mingw32/bin/../lib/gcc/nios2-elf/9.2.1/mno-hw-mul\libgcc.a(lesf2.o)
 .bss           0x000000000002c324        0x0 c:/intelfpga_lite/20.1/nios2eds/bin/gnu/h-x86_64-mingw32/bin/../lib/gcc/nios2-elf/9.2.1/mno-hw-mul\libgcc.a(mulsf3.o)
 .bss           0x000000000002c324        0x0 c:/intelfpga_lite/20.1/nios2eds/bin/gnu/h-x86_64-mingw32/bin/../lib/gcc/nios2-elf/9.2.1/mno-hw-mul\libgcc.a(subsf3.o)
 .bss           0x000000000002c324        0x0 c:/intelfpga_lite/20.1/nios2eds/bin/gnu/h-x86_64-mingw32/bin/../lib/gcc/nios2-elf/9.2.1/mno-hw-mul\libgcc.a(fixsfsi.o)
 .bss           0x000000000002c324        0x0 c:/intelfpga_lite/20.1/nios2eds/bin/gnu/h-x86_64-mingw32/bin/../lib/gcc/nios2-elf/9.2.1/mno-hw-mul\libgcc.a(floatsisf.o)
 .bss           0x000000000002c324        0x0 c:/intelfpga_lite/20.1/nios2eds/bin/gnu/h-x86_64-mingw32/bin/../lib/gcc/nios2-elf/9.2.1/mno-hw-mul\libgcc.a(floatunsisf.o)
 .bss           0x000000000002c324        0x0 c:/intelfpga_lite/20.1/nios2eds/bin/gnu/h-x86_64-mingw32/bin/../lib/gcc/nios2-elf/9.2.1/mno-hw-mul\libgcc.a(_clzsi2.o)
 .bss           0x000000000002c324        0x0 c:/intelfpga_lite/20.1/nios2eds/bin/gnu/h-x86_64-mingw32/bin/../lib/gcc/nios2-elf/9.2.1/mno-hw-mul\libgcc.a(lib2-mul.o)
 .bss           0x000000000002c324        0x0 c:/intelfpga_lite/20.1/nios2eds/bin/gnu/h-x86_64-mingw32/bin/../lib/gcc/nios2-elf/9.2.1/mno-hw-mul\libgcc.a(_clz.o)
 .bss           0x000000000002c324        0x0 c:/intelfpga_lite/20.1/nios2eds/bin/gnu/h-x86_64-mingw32/bin/../lib/gcc/nios2-elf/9.2.1/../../../../../H-x86_64-mingw32/nios2-elf/lib/mno-hw-mul\libc.a(lib_a-malloc.o)
 .bss           0x000000000002c324        0x0 c:/intelfpga_lite/20.1/nios2eds/bin/gnu/h-x86_64-mingw32/bin/../lib/gcc/nios2-elf/9.2.1/../../../../../H-x86_64-mingw32/nios2-elf/lib/mno-hw-mul\libc.a(lib_a-mallocr.o)
 .bss.__malloc_current_mallinfo
                0x000000000002c324       0x28 c:/intelfpga_lite/20.1/nios2eds/bin/gnu/h-x86_64-mingw32/bin/../lib/gcc/nios2-elf/9.2.1/../../../../../H-x86_64-mingw32/nios2-elf/lib/mno-hw-mul\libc.a(lib_a-mallocr.o)
                0x000000000002c324                __malloc_current_mallinfo
 .bss           0x000000000002c34c        0x0 c:/intelfpga_lite/20.1/nios2eds/bin/gnu/h-x86_64-mingw32/bin/../lib/gcc/nios2-elf/9.2.1/../../../../../H-x86_64-mingw32/nios2-elf/lib/mno-hw-mul\libc.a(lib_a-memset.o)
 .bss           0x000000000002c34c        0x0 c:/intelfpga_lite/20.1/nios2eds/bin/gnu/h-x86_64-mingw32/bin/../lib/gcc/nios2-elf/9.2.1/../../../../../H-x86_64-mingw32/nios2-elf/lib/mno-hw-mul\libc.a(lib_a-sbrkr.o)
 .bss           0x000000000002c34c        0x0 c:/intelfpga_lite/20.1/nios2eds/bin/gnu/h-x86_64-mingw32/bin/../lib/gcc/nios2-elf/9.2.1/../../../../../H-x86_64-mingw32/nios2-elf/lib/mno-hw-mul\libc.a(lib_a-strcmp.o)
 .bss           0x000000000002c34c        0x0 c:/intelfpga_lite/20.1/nios2eds/bin/gnu/h-x86_64-mingw32/bin/../lib/gcc/nios2-elf/9.2.1/../../../../../H-x86_64-mingw32/nios2-elf/lib/mno-hw-mul\libc.a(lib_a-freer.o)
 .bss           0x000000000002c34c        0x0 c:/intelfpga_lite/20.1/nios2eds/bin/gnu/h-x86_64-mingw32/bin/../lib/gcc/nios2-elf/9.2.1/../../../../../H-x86_64-mingw32/nios2-elf/lib/mno-hw-mul\libc.a(lib_a-impure.o)
 .bss           0x000000000002c34c        0x0 c:/intelfpga_lite/20.1/nios2eds/bin/gnu/h-x86_64-mingw32/bin/../lib/gcc/nios2-elf/9.2.1/../../../../../H-x86_64-mingw32/nios2-elf/lib/mno-hw-mul\libc.a(lib_a-int_errno.o)
 .bss           0x000000000002c34c        0x0 ../../../LMX2694/software/lmx2694_bsp\libhal_bsp.a(alt_iic.o)
 .bss           0x000000000002c34c        0x0 ../../../LMX2694/software/lmx2694_bsp\libhal_bsp.a(alt_iic_isr_register.o)
 .bss           0x000000000002c34c        0x0 ../../../LMX2694/software/lmx2694_bsp\libhal_bsp.a(alt_irq_entry.o)
 .bss           0x000000000002c34c        0x0 ../../../LMX2694/software/lmx2694_bsp\libhal_bsp.a(alt_irq_handler.o)
 .bss           0x000000000002c34c        0x0 ../../../LMX2694/software/lmx2694_bsp\libhal_bsp.a(alt_irq_vars.o)
 .bss           0x000000000002c34c        0x0 ../../../LMX2694/software/lmx2694_bsp\libhal_bsp.a(alt_load.o)
 .bss           0x000000000002c34c        0x0 ../../../LMX2694/software/lmx2694_bsp\libhal_bsp.a(alt_main.o)
 .bss           0x000000000002c34c        0x0 ../../../LMX2694/software/lmx2694_bsp\libhal_bsp.a(alt_malloc_lock.o)
 .bss           0x000000000002c34c        0x0 ../../../LMX2694/software/lmx2694_bsp\libhal_bsp.a(alt_sbrk.o)
 .bss           0x000000000002c34c        0x0 ../../../LMX2694/software/lmx2694_bsp\libhal_bsp.a(alt_usleep.o)
 .bss           0x000000000002c34c        0x0 ../../../LMX2694/software/lmx2694_bsp\libhal_bsp.a(alt_sys_init.o)
 .bss           0x000000000002c34c        0x0 ../../../LMX2694/software/lmx2694_bsp\libhal_bsp.a(altera_avalon_jtag_uart_fd.o)
 .bss           0x000000000002c34c        0x0 ../../../LMX2694/software/lmx2694_bsp\libhal_bsp.a(altera_avalon_jtag_uart_init.o)
 .bss           0x000000000002c34c        0x0 ../../../LMX2694/software/lmx2694_bsp\libhal_bsp.a(altera_avalon_jtag_uart_ioctl.o)
 .bss           0x000000000002c34c        0x0 ../../../LMX2694/software/lmx2694_bsp\libhal_bsp.a(altera_avalon_jtag_uart_read.o)
 .bss           0x000000000002c34c        0x0 ../../../LMX2694/software/lmx2694_bsp\libhal_bsp.a(altera_avalon_jtag_uart_write.o)
 .bss           0x000000000002c34c        0x0 ../../../LMX2694/software/lmx2694_bsp\libhal_bsp.a(altera_avalon_spi.o)
 .bss           0x000000000002c34c        0x0 ../../../LMX2694/software/lmx2694_bsp\libhal_bsp.a(altera_avalon_timer_sc.o)
 .bss           0x000000000002c34c        0x0 ../../../LMX2694/software/lmx2694_bsp\libhal_bsp.a(alt_alarm_start.o)
 .bss           0x000000000002c34c        0x0 ../../../LMX2694/software/lmx2694_bsp\libhal_bsp.a(alt_busy_sleep.o)
 .bss           0x000000000002c34c        0x0 ../../../LMX2694/software/lmx2694_bsp\libhal_bsp.a(alt_close.o)
 .bss           0x000000000002c34c        0x0 ../../../LMX2694/software/lmx2694_bsp\libhal_bsp.a(alt_dcache_flush_all.o)
 .bss           0x000000000002c34c        0x0 ../../../LMX2694/software/lmx2694_bsp\libhal_bsp.a(alt_dev.o)
 .bss           0x000000000002c34c        0x0 ../../../LMX2694/software/lmx2694_bsp\libhal_bsp.a(alt_dev_llist_insert.o)
 .bss           0x000000000002c34c        0x0 ../../../LMX2694/software/lmx2694_bsp\libhal_bsp.a(alt_do_ctors.o)
 .bss           0x000000000002c34c        0x0 ../../../LMX2694/software/lmx2694_bsp\libhal_bsp.a(alt_do_dtors.o)
 .bss           0x000000000002c34c        0x0 ../../../LMX2694/software/lmx2694_bsp\libhal_bsp.a(alt_errno.o)
 .bss           0x000000000002c34c        0x0 ../../../LMX2694/software/lmx2694_bsp\libhal_bsp.a(alt_exception_entry.o)
 .bss           0x000000000002c34c        0x0 ../../../LMX2694/software/lmx2694_bsp\libhal_bsp.a(alt_icache_flush_all.o)
 .bss           0x000000000002c34c        0x0 ../../../LMX2694/software/lmx2694_bsp\libhal_bsp.a(alt_instruction_exception_entry.o)
 .bss           0x000000000002c34c        0x0 ../../../LMX2694/software/lmx2694_bsp\libhal_bsp.a(alt_io_redirect.o)
 .bss           0x000000000002c34c        0x0 ../../../LMX2694/software/lmx2694_bsp\libhal_bsp.a(alt_open.o)
 .bss           0x000000000002c34c        0x0 ../../../LMX2694/software/lmx2694_bsp\libhal_bsp.a(alt_release_fd.o)
 .bss           0x000000000002c34c        0x0 ../../../LMX2694/software/lmx2694_bsp\libhal_bsp.a(alt_tick.o)
 .bss           0x000000000002c34c        0x0 ../../../LMX2694/software/lmx2694_bsp\libhal_bsp.a(altera_nios2_gen2_irq.o)
 .bss           0x000000000002c34c        0x0 ../../../LMX2694/software/lmx2694_bsp\libhal_bsp.a(alt_find_dev.o)
 .bss           0x000000000002c34c        0x0 ../../../LMX2694/software/lmx2694_bsp\libhal_bsp.a(alt_find_file.o)
 .bss           0x000000000002c34c        0x0 ../../../LMX2694/software/lmx2694_bsp\libhal_bsp.a(alt_get_fd.o)
 .bss           0x000000000002c34c        0x0 c:/intelfpga_lite/20.1/nios2eds/bin/gnu/h-x86_64-mingw32/bin/../lib/gcc/nios2-elf/9.2.1/../../../../../H-x86_64-mingw32/nios2-elf/lib/mno-hw-mul\libc.a(lib_a-atexit.o)
 .bss           0x000000000002c34c        0x0 c:/intelfpga_lite/20.1/nios2eds/bin/gnu/h-x86_64-mingw32/bin/../lib/gcc/nios2-elf/9.2.1/../../../../../H-x86_64-mingw32/nios2-elf/lib/mno-hw-mul\libc.a(lib_a-exit.o)
 .bss           0x000000000002c34c        0x0 c:/intelfpga_lite/20.1/nios2eds/bin/gnu/h-x86_64-mingw32/bin/../lib/gcc/nios2-elf/9.2.1/../../../../../H-x86_64-mingw32/nios2-elf/lib/mno-hw-mul\libc.a(lib_a-memcmp.o)
 .bss           0x000000000002c34c        0x0 c:/intelfpga_lite/20.1/nios2eds/bin/gnu/h-x86_64-mingw32/bin/../lib/gcc/nios2-elf/9.2.1/../../../../../H-x86_64-mingw32/nios2-elf/lib/mno-hw-mul\libc.a(lib_a-memcpy.o)
 .bss           0x000000000002c34c        0x0 c:/intelfpga_lite/20.1/nios2eds/bin/gnu/h-x86_64-mingw32/bin/../lib/gcc/nios2-elf/9.2.1/../../../../../H-x86_64-mingw32/nios2-elf/lib/mno-hw-mul\libc.a(lib_a-strlen.o)
 .bss           0x000000000002c34c        0x0 c:/intelfpga_lite/20.1/nios2eds/bin/gnu/h-x86_64-mingw32/bin/../lib/gcc/nios2-elf/9.2.1/../../../../../H-x86_64-mingw32/nios2-elf/lib/mno-hw-mul\libc.a(lib_a-__atexit.o)
 .bss           0x000000000002c34c        0x0 c:/intelfpga_lite/20.1/nios2eds/bin/gnu/h-x86_64-mingw32/bin/../lib/gcc/nios2-elf/9.2.1/../../../../../H-x86_64-mingw32/nios2-elf/lib/mno-hw-mul\libc.a(lib_a-__call_atexit.o)
 .bss           0x000000000002c34c        0x0 ../../../LMX2694/software/lmx2694_bsp\libhal_bsp.a(alt_exit.o)
 *(COMMON)
 COMMON         0x000000000002c34c      0x100 ../../../LMX2694/software/lmx2694_bsp\libhal_bsp.a(alt_irq_handler.o)
                0x000000000002c34c                alt_irq
                0x000000000002c44c                . = ALIGN (0x4)
                0x000000000002c44c                __bss_end = ABSOLUTE (.)

.onchip_memory2_0
                0x000000000002c44c        0x0
                [!provide]                        PROVIDE (_alt_partition_onchip_memory2_0_start = ABSOLUTE (.))
 *(.onchip_memory2_0 .onchip_memory2_0. onchip_memory2_0.*)
                0x000000000002c44c                . = ALIGN (0x4)
                [!provide]                        PROVIDE (_alt_partition_onchip_memory2_0_end = ABSOLUTE (.))
                0x000000000002c44c                _end = ABSOLUTE (.)
                0x000000000002c44c                end = ABSOLUTE (.)
                0x000000000002c44c                __alt_stack_base = ABSOLUTE (.)
                [!provide]                        PROVIDE (_alt_partition_onchip_memory2_0_load_addr = LOADADDR (.onchip_memory2_0))

.stab
 *(.stab)

.stabstr
 *(.stabstr)

.stab.excl
 *(.stab.excl)

.stab.exclstr
 *(.stab.exclstr)

.stab.index
 *(.stab.index)

.stab.indexstr
 *(.stab.indexstr)

.comment        0x0000000000000000       0x2c
 *(.comment)
 .comment       0x0000000000000000       0x2c obj/default/main.o
                                         0x2d (size before relaxing)
 .comment       0x000000000000002c       0x2d ../../../LMX2694/software/lmx2694_lib\liblmx2694_lib.a(lmx2694Handler.o)
 .comment       0x000000000000002c       0x2d ../../../LMX2694/software/lmx2694_lib\liblmx2694_lib.a(PLLLOCKEDCAPTURE.o)
 .comment       0x000000000000002c       0x2d ../../../LMX2694/software/lmx2694_lib\liblmx2694_lib.a(SPIHandler.o)
 .comment       0x000000000000002c       0x2d c:/intelfpga_lite/20.1/nios2eds/bin/gnu/h-x86_64-mingw32/bin/../lib/gcc/nios2-elf/9.2.1/../../../../../H-x86_64-mingw32/nios2-elf/lib/mno-hw-mul\libstdc++.a(class_type_info.o)
 .comment       0x000000000000002c       0x2d c:/intelfpga_lite/20.1/nios2eds/bin/gnu/h-x86_64-mingw32/bin/../lib/gcc/nios2-elf/9.2.1/../../../../../H-x86_64-mingw32/nios2-elf/lib/mno-hw-mul\libstdc++.a(del_ops.o)
 .comment       0x000000000000002c       0x2d c:/intelfpga_lite/20.1/nios2eds/bin/gnu/h-x86_64-mingw32/bin/../lib/gcc/nios2-elf/9.2.1/../../../../../H-x86_64-mingw32/nios2-elf/lib/mno-hw-mul\libstdc++.a(si_class_type_info.o)
 .comment       0x000000000000002c       0x2d c:/intelfpga_lite/20.1/nios2eds/bin/gnu/h-x86_64-mingw32/bin/../lib/gcc/nios2-elf/9.2.1/../../../../../H-x86_64-mingw32/nios2-elf/lib/mno-hw-mul\libstdc++.a(tinfo.o)
 .comment       0x000000000000002c       0x2d c:/intelfpga_lite/20.1/nios2eds/bin/gnu/h-x86_64-mingw32/bin/../lib/gcc/nios2-elf/9.2.1/../../../../../H-x86_64-mingw32/nios2-elf/lib/mno-hw-mul\libstdc++.a(vmi_class_type_info.o)
 .comment       0x000000000000002c       0x2d c:/intelfpga_lite/20.1/nios2eds/bin/gnu/h-x86_64-mingw32/bin/../lib/gcc/nios2-elf/9.2.1/../../../../../H-x86_64-mingw32/nios2-elf/lib/mno-hw-mul\libstdc++.a(del_op.o)
 .comment       0x000000000000002c       0x2d c:/intelfpga_lite/20.1/nios2eds/bin/gnu/h-x86_64-mingw32/bin/../lib/gcc/nios2-elf/9.2.1/../../../../../H-x86_64-mingw32/nios2-elf/lib/mno-hw-mul\libm.a(lib_a-sf_floor.o)
 .comment       0x000000000000002c       0x2d c:/intelfpga_lite/20.1/nios2eds/bin/gnu/h-x86_64-mingw32/bin/../lib/gcc/nios2-elf/9.2.1/../../../../../H-x86_64-mingw32/nios2-elf/lib/mno-hw-mul\libm.a(lib_a-sf_round.o)
 .comment       0x000000000000002c       0x2d c:/intelfpga_lite/20.1/nios2eds/bin/gnu/h-x86_64-mingw32/bin/../lib/gcc/nios2-elf/9.2.1/mno-hw-mul\libgcc.a(_fixunssfsi.o)
 .comment       0x000000000000002c       0x2d c:/intelfpga_lite/20.1/nios2eds/bin/gnu/h-x86_64-mingw32/bin/../lib/gcc/nios2-elf/9.2.1/mno-hw-mul\libgcc.a(lib2-divmod.o)
 .comment       0x000000000000002c       0x2d c:/intelfpga_lite/20.1/nios2eds/bin/gnu/h-x86_64-mingw32/bin/../lib/gcc/nios2-elf/9.2.1/mno-hw-mul\libgcc.a(addsf3.o)
 .comment       0x000000000000002c       0x2d c:/intelfpga_lite/20.1/nios2eds/bin/gnu/h-x86_64-mingw32/bin/../lib/gcc/nios2-elf/9.2.1/mno-hw-mul\libgcc.a(divsf3.o)
 .comment       0x000000000000002c       0x2d c:/intelfpga_lite/20.1/nios2eds/bin/gnu/h-x86_64-mingw32/bin/../lib/gcc/nios2-elf/9.2.1/mno-hw-mul\libgcc.a(gesf2.o)
 .comment       0x000000000000002c       0x2d c:/intelfpga_lite/20.1/nios2eds/bin/gnu/h-x86_64-mingw32/bin/../lib/gcc/nios2-elf/9.2.1/mno-hw-mul\libgcc.a(lesf2.o)
 .comment       0x000000000000002c       0x2d c:/intelfpga_lite/20.1/nios2eds/bin/gnu/h-x86_64-mingw32/bin/../lib/gcc/nios2-elf/9.2.1/mno-hw-mul\libgcc.a(mulsf3.o)
 .comment       0x000000000000002c       0x2d c:/intelfpga_lite/20.1/nios2eds/bin/gnu/h-x86_64-mingw32/bin/../lib/gcc/nios2-elf/9.2.1/mno-hw-mul\libgcc.a(subsf3.o)
 .comment       0x000000000000002c       0x2d c:/intelfpga_lite/20.1/nios2eds/bin/gnu/h-x86_64-mingw32/bin/../lib/gcc/nios2-elf/9.2.1/mno-hw-mul\libgcc.a(fixsfsi.o)
 .comment       0x000000000000002c       0x2d c:/intelfpga_lite/20.1/nios2eds/bin/gnu/h-x86_64-mingw32/bin/../lib/gcc/nios2-elf/9.2.1/mno-hw-mul\libgcc.a(floatsisf.o)
 .comment       0x000000000000002c       0x2d c:/intelfpga_lite/20.1/nios2eds/bin/gnu/h-x86_64-mingw32/bin/../lib/gcc/nios2-elf/9.2.1/mno-hw-mul\libgcc.a(floatunsisf.o)
 .comment       0x000000000000002c       0x2d c:/intelfpga_lite/20.1/nios2eds/bin/gnu/h-x86_64-mingw32/bin/../lib/gcc/nios2-elf/9.2.1/mno-hw-mul\libgcc.a(_clzsi2.o)
 .comment       0x000000000000002c       0x2d c:/intelfpga_lite/20.1/nios2eds/bin/gnu/h-x86_64-mingw32/bin/../lib/gcc/nios2-elf/9.2.1/mno-hw-mul\libgcc.a(lib2-mul.o)
 .comment       0x000000000000002c       0x2d c:/intelfpga_lite/20.1/nios2eds/bin/gnu/h-x86_64-mingw32/bin/../lib/gcc/nios2-elf/9.2.1/mno-hw-mul\libgcc.a(_clz.o)
 .comment       0x000000000000002c       0x2d c:/intelfpga_lite/20.1/nios2eds/bin/gnu/h-x86_64-mingw32/bin/../lib/gcc/nios2-elf/9.2.1/../../../../../H-x86_64-mingw32/nios2-elf/lib/mno-hw-mul\libc.a(lib_a-malloc.o)
 .comment       0x000000000000002c       0x2d c:/intelfpga_lite/20.1/nios2eds/bin/gnu/h-x86_64-mingw32/bin/../lib/gcc/nios2-elf/9.2.1/../../../../../H-x86_64-mingw32/nios2-elf/lib/mno-hw-mul\libc.a(lib_a-mallocr.o)
 .comment       0x000000000000002c       0x2d c:/intelfpga_lite/20.1/nios2eds/bin/gnu/h-x86_64-mingw32/bin/../lib/gcc/nios2-elf/9.2.1/../../../../../H-x86_64-mingw32/nios2-elf/lib/mno-hw-mul\libc.a(lib_a-memset.o)
 .comment       0x000000000000002c       0x2d c:/intelfpga_lite/20.1/nios2eds/bin/gnu/h-x86_64-mingw32/bin/../lib/gcc/nios2-elf/9.2.1/../../../../../H-x86_64-mingw32/nios2-elf/lib/mno-hw-mul\libc.a(lib_a-sbrkr.o)
 .comment       0x000000000000002c       0x2d c:/intelfpga_lite/20.1/nios2eds/bin/gnu/h-x86_64-mingw32/bin/../lib/gcc/nios2-elf/9.2.1/../../../../../H-x86_64-mingw32/nios2-elf/lib/mno-hw-mul\libc.a(lib_a-strcmp.o)
 .comment       0x000000000000002c       0x2d c:/intelfpga_lite/20.1/nios2eds/bin/gnu/h-x86_64-mingw32/bin/../lib/gcc/nios2-elf/9.2.1/../../../../../H-x86_64-mingw32/nios2-elf/lib/mno-hw-mul\libc.a(lib_a-freer.o)
 .comment       0x000000000000002c       0x2d c:/intelfpga_lite/20.1/nios2eds/bin/gnu/h-x86_64-mingw32/bin/../lib/gcc/nios2-elf/9.2.1/../../../../../H-x86_64-mingw32/nios2-elf/lib/mno-hw-mul\libc.a(lib_a-impure.o)
 .comment       0x000000000000002c       0x2d c:/intelfpga_lite/20.1/nios2eds/bin/gnu/h-x86_64-mingw32/bin/../lib/gcc/nios2-elf/9.2.1/../../../../../H-x86_64-mingw32/nios2-elf/lib/mno-hw-mul\libc.a(lib_a-int_errno.o)
 .comment       0x000000000000002c       0x2d ../../../LMX2694/software/lmx2694_bsp\libhal_bsp.a(alt_iic.o)
 .comment       0x000000000000002c       0x2d ../../../LMX2694/software/lmx2694_bsp\libhal_bsp.a(alt_iic_isr_register.o)
 .comment       0x000000000000002c       0x2d ../../../LMX2694/software/lmx2694_bsp\libhal_bsp.a(alt_irq_handler.o)
 .comment       0x000000000000002c       0x2d ../../../LMX2694/software/lmx2694_bsp\libhal_bsp.a(alt_irq_vars.o)
 .comment       0x000000000000002c       0x2d ../../../LMX2694/software/lmx2694_bsp\libhal_bsp.a(alt_load.o)
 .comment       0x000000000000002c       0x2d ../../../LMX2694/software/lmx2694_bsp\libhal_bsp.a(alt_main.o)
 .comment       0x000000000000002c       0x2d ../../../LMX2694/software/lmx2694_bsp\libhal_bsp.a(alt_malloc_lock.o)