Analysis & Synthesis report for tone_generator_qip
Fri Feb 19 20:40:07 2021
Quartus Prime Version 20.1.0 Build 711 06/05/2020 SJ Lite Edition


---------------------
; Table of Contents ;
---------------------
  1. Legal Notice
  2. Analysis & Synthesis Summary
  3. Analysis & Synthesis Settings
  4. Parallel Compilation
  5. Analysis & Synthesis Source Files Read
  6. Analysis & Synthesis Resource Usage Summary
  7. Analysis & Synthesis Resource Utilization by Entity
  8. State Machine - |tone_generator_qip|DAC16:dac|ST
  9. Registers Removed During Synthesis
 10. General Register Statistics
 11. Inverted Register Statistics
 12. Multiplexer Restructuring Statistics (Restructuring Performed)
 13. Port Connectivity Checks: "DAC16:dac|raw_sine_wave:sine_wave"
 14. Port Connectivity Checks: "DAC16:dac"
 15. Post-Synthesis Netlist Statistics for Top Partition
 16. Elapsed Time Per Partition
 17. Analysis & Synthesis Messages



----------------
; Legal Notice ;
----------------
Copyright (C) 2020  Intel Corporation. All rights reserved.
Your use of Intel Corporation's design tools, logic functions 
and other software and tools, and any partner logic 
functions, and any output files from any of the foregoing 
(including device programming or simulation files), and any 
associated documentation or information are expressly subject 
to the terms and conditions of the Intel Program License 
Subscription Agreement, the Intel Quartus Prime License Agreement,
the Intel FPGA IP License Agreement, or other applicable license
agreement, including, without limitation, that your use is for
the sole purpose of programming logic devices manufactured by
Intel and sold by Intel or its authorized distributors.  Please
refer to the applicable agreement for further details, at
https://fpgasoftware.intel.com/eula.



+----------------------------------------------------------------------------------+
; Analysis & Synthesis Summary                                                     ;
+------------------------------------+---------------------------------------------+
; Analysis & Synthesis Status        ; Successful - Fri Feb 19 20:40:07 2021       ;
; Quartus Prime Version              ; 20.1.0 Build 711 06/05/2020 SJ Lite Edition ;
; Revision Name                      ; tone_generator_qip                          ;
; Top-level Entity Name              ; tone_generator_qip                          ;
; Family                             ; MAX 10                                      ;
; Total logic elements               ; 288                                         ;
;     Total combinational functions  ; 266                                         ;
;     Dedicated logic registers      ; 76                                          ;
; Total registers                    ; 76                                          ;
; Total pins                         ; 26                                          ;
; Total virtual pins                 ; 0                                           ;
; Total memory bits                  ; 0                                           ;
; Embedded Multiplier 9-bit elements ; 0                                           ;
; Total PLLs                         ; 0                                           ;
; UFM blocks                         ; 0                                           ;
; ADC blocks                         ; 0                                           ;
+------------------------------------+---------------------------------------------+


+------------------------------------------------------------------------------------------------------------+
; Analysis & Synthesis Settings                                                                              ;
+------------------------------------------------------------------+--------------------+--------------------+
; Option                                                           ; Setting            ; Default Value      ;
+------------------------------------------------------------------+--------------------+--------------------+
; Device                                                           ; 10M50DAF484C6GES   ;                    ;
; Top-level entity name                                            ; tone_generator_qip ; tone_generator_qip ;
; Family name                                                      ; MAX 10 FPGA        ; Cyclone V          ;
; Use smart compilation                                            ; Off                ; Off                ;
; Enable parallel Assembler and Timing Analyzer during compilation ; On                 ; On                 ;
; Enable compact report table                                      ; Off                ; Off                ;
; Restructure Multiplexers                                         ; Auto               ; Auto               ;
; Create Debugging Nodes for IP Cores                              ; Off                ; Off                ;
; Preserve fewer node names                                        ; On                 ; On                 ;
; Intel FPGA IP Evaluation Mode                                    ; Enable             ; Enable             ;
; Verilog Version                                                  ; Verilog_2001       ; Verilog_2001       ;
; VHDL Version                                                     ; VHDL_1993          ; VHDL_1993          ;
; State Machine Processing                                         ; Auto               ; Auto               ;
; Safe State Machine                                               ; Off                ; Off                ;
; Extract Verilog State Machines                                   ; On                 ; On                 ;
; Extract VHDL State Machines                                      ; On                 ; On                 ;
; Ignore Verilog initial constructs                                ; Off                ; Off                ;
; Iteration limit for constant Verilog loops                       ; 5000               ; 5000               ;
; Iteration limit for non-constant Verilog loops                   ; 250                ; 250                ;
; Add Pass-Through Logic to Inferred RAMs                          ; On                 ; On                 ;
; Infer RAMs from Raw Logic                                        ; On                 ; On                 ;
; Parallel Synthesis                                               ; On                 ; On                 ;
; DSP Block Balancing                                              ; Auto               ; Auto               ;
; NOT Gate Push-Back                                               ; On                 ; On                 ;
; Power-Up Don't Care                                              ; On                 ; On                 ;
; Remove Redundant Logic Cells                                     ; Off                ; Off                ;
; Remove Duplicate Registers                                       ; On                 ; On                 ;
; Ignore CARRY Buffers                                             ; Off                ; Off                ;
; Ignore CASCADE Buffers                                           ; Off                ; Off                ;
; Ignore GLOBAL Buffers                                            ; Off                ; Off                ;
; Ignore ROW GLOBAL Buffers                                        ; Off                ; Off                ;
; Ignore LCELL Buffers                                             ; Off                ; Off                ;
; Ignore SOFT Buffers                                              ; On                 ; On                 ;
; Limit AHDL Integers to 32 Bits                                   ; Off                ; Off                ;
; Optimization Technique                                           ; Balanced           ; Balanced           ;
; Carry Chain Length                                               ; 70                 ; 70                 ;
; Auto Carry Chains                                                ; On                 ; On                 ;
; Auto Open-Drain Pins                                             ; On                 ; On                 ;
; Perform WYSIWYG Primitive Resynthesis                            ; Off                ; Off                ;
; Auto ROM Replacement                                             ; On                 ; On                 ;
; Auto RAM Replacement                                             ; On                 ; On                 ;
; Auto DSP Block Replacement                                       ; On                 ; On                 ;
; Auto Shift Register Replacement                                  ; Auto               ; Auto               ;
; Allow Shift Register Merging across Hierarchies                  ; Auto               ; Auto               ;
; Auto Clock Enable Replacement                                    ; On                 ; On                 ;
; Strict RAM Replacement                                           ; Off                ; Off                ;
; Allow Synchronous Control Signals                                ; On                 ; On                 ;
; Force Use of Synchronous Clear Signals                           ; Off                ; Off                ;
; Auto RAM Block Balancing                                         ; On                 ; On                 ;
; Auto RAM to Logic Cell Conversion                                ; Off                ; Off                ;
; Auto Resource Sharing                                            ; Off                ; Off                ;
; Allow Any RAM Size For Recognition                               ; Off                ; Off                ;
; Allow Any ROM Size For Recognition                               ; Off                ; Off                ;
; Allow Any Shift Register Size For Recognition                    ; Off                ; Off                ;
; Use LogicLock Constraints during Resource Balancing              ; On                 ; On                 ;
; Ignore translate_off and synthesis_off directives                ; Off                ; Off                ;
; Timing-Driven Synthesis                                          ; On                 ; On                 ;
; Report Parameter Settings                                        ; On                 ; On                 ;
; Report Source Assignments                                        ; On                 ; On                 ;
; Report Connectivity Checks                                       ; On                 ; On                 ;
; Ignore Maximum Fan-Out Assignments                               ; Off                ; Off                ;
; Synchronization Register Chain Length                            ; 2                  ; 2                  ;
; Power Optimization During Synthesis                              ; Normal compilation ; Normal compilation ;
; HDL message level                                                ; Level2             ; Level2             ;
; Suppress Register Optimization Related Messages                  ; Off                ; Off                ;
; Number of Removed Registers Reported in Synthesis Report         ; 5000               ; 5000               ;
; Number of Swept Nodes Reported in Synthesis Report               ; 5000               ; 5000               ;
; Number of Inverted Registers Reported in Synthesis Report        ; 100                ; 100                ;
; Clock MUX Protection                                             ; On                 ; On                 ;
; Auto Gated Clock Conversion                                      ; Off                ; Off                ;
; Block Design Naming                                              ; Auto               ; Auto               ;
; SDC constraint protection                                        ; Off                ; Off                ;
; Synthesis Effort                                                 ; Auto               ; Auto               ;
; Shift Register Replacement - Allow Asynchronous Clear Signal     ; On                 ; On                 ;
; Pre-Mapping Resynthesis Optimization                             ; Off                ; Off                ;
; Analysis & Synthesis Message Level                               ; Medium             ; Medium             ;
; Disable Register Merging Across Hierarchies                      ; Auto               ; Auto               ;
; Resource Aware Inference For Block RAM                           ; On                 ; On                 ;
+------------------------------------------------------------------+--------------------+--------------------+


+------------------------------------------+
; Parallel Compilation                     ;
+----------------------------+-------------+
; Processors                 ; Number      ;
+----------------------------+-------------+
; Number detected on machine ; 8           ;
; Maximum allowed            ; 8           ;
;                            ;             ;
; Average used               ; 1.00        ;
; Maximum used               ; 8           ;
;                            ;             ;
; Usage by Processor         ; % Time Used ;
;     Processor 1            ; 100.0%      ;
;     Processor 2            ;   0.0%      ;
;     Processors 3-8         ;   0.0%      ;
+----------------------------+-------------+


+------------------------------------------------------------------------------------------------------------------------------------------------------------------------------------------------+
; Analysis & Synthesis Source Files Read                                                                                                                                                         ;
+-------------------------------------------+-----------------+------------------------+-----------------------------------------------------------------------------------------------+---------+
; File Name with User-Entered Path          ; Used in Netlist ; File Type              ; File Name with Absolute Path                                                                  ; Library ;
+-------------------------------------------+-----------------+------------------------+-----------------------------------------------------------------------------------------------+---------+
; ../Sine_Wave/sine_wave/Sine_Wave.v        ; yes             ; User Verilog HDL File  ; C:/Salukat/Purificador/SoftwareDevelopment/Max_10_NEEK/Sine_Wave/sine_wave/Sine_Wave.v        ;         ;
; ../Sine_Wave/sine_wave/raw_sine_wave.v    ; yes             ; User Verilog HDL File  ; C:/Salukat/Purificador/SoftwareDevelopment/Max_10_NEEK/Sine_Wave/sine_wave/raw_sine_wave.v    ;         ;
; ../Sine_Wave/sine_wave/enable_sine_wave.v ; yes             ; User Verilog HDL File  ; C:/Salukat/Purificador/SoftwareDevelopment/Max_10_NEEK/Sine_Wave/sine_wave/enable_sine_wave.v ;         ;
; DAC16.v                                   ; yes             ; User Verilog HDL File  ; C:/Salukat/Purificador/SoftwareDevelopment/Max_10_NEEK/Tone_Generator/DAC16.v                 ;         ;
; tone_generator_qip.v                      ; yes             ; User Verilog HDL File  ; C:/Salukat/Purificador/SoftwareDevelopment/Max_10_NEEK/Tone_Generator/tone_generator_qip.v    ;         ;
+-------------------------------------------+-----------------+------------------------+-----------------------------------------------------------------------------------------------+---------+


+-----------------------------------------------------------------------------------------------------------------------------------------------------------+
; Analysis & Synthesis Resource Usage Summary                                                                                                               ;
+---------------------------------------------+-------------------------------------------------------------------------------------------------------------+
; Resource                                    ; Usage                                                                                                       ;
+---------------------------------------------+-------------------------------------------------------------------------------------------------------------+
; Estimated Total logic elements              ; 288                                                                                                         ;
;                                             ;                                                                                                             ;
; Total combinational functions               ; 266                                                                                                         ;
; Logic element usage by number of LUT inputs ;                                                                                                             ;
;     -- 4 input functions                    ; 166                                                                                                         ;
;     -- 3 input functions                    ; 44                                                                                                          ;
;     -- <=2 input functions                  ; 56                                                                                                          ;
;                                             ;                                                                                                             ;
; Logic elements by mode                      ;                                                                                                             ;
;     -- normal mode                          ; 233                                                                                                         ;
;     -- arithmetic mode                      ; 33                                                                                                          ;
;                                             ;                                                                                                             ;
; Total registers                             ; 76                                                                                                          ;
;     -- Dedicated logic registers            ; 76                                                                                                          ;
;     -- I/O registers                        ; 0                                                                                                           ;
;                                             ;                                                                                                             ;
; I/O pins                                    ; 26                                                                                                          ;
;                                             ;                                                                                                             ;
; Embedded Multiplier 9-bit elements          ; 0                                                                                                           ;
;                                             ;                                                                                                             ;
; Maximum fan-out node                        ; DAC16:dac|raw_sine_wave:sine_wave|enable_sine_wave:u_enable_sine_wave|Sine_Wave:u_Sine_Wave|address_cnt1[5] ;
; Maximum fan-out                             ; 105                                                                                                         ;
; Total fan-out                               ; 1238                                                                                                        ;
; Average fan-out                             ; 3.14                                                                                                        ;
+---------------------------------------------+-------------------------------------------------------------------------------------------------------------+


+-----------------------------------------------------------------------------------------------------------------------------------------------------------------------------------------------------------------------------------------------------------------------------------------------------------------------------------------------------------+
; Analysis & Synthesis Resource Utilization by Entity                                                                                                                                                                                                                                                                                                       ;
+------------------------------------------------+---------------------+---------------------------+-------------+------------+--------------+---------+-----------+------+--------------+------------+-----------------------------------------------------------------------------------------------------------------+--------------------+--------------+
; Compilation Hierarchy Node                     ; Combinational ALUTs ; Dedicated Logic Registers ; Memory Bits ; UFM Blocks ; DSP Elements ; DSP 9x9 ; DSP 18x18 ; Pins ; Virtual Pins ; ADC blocks ; Full Hierarchy Name                                                                                             ; Entity Name        ; Library Name ;
+------------------------------------------------+---------------------+---------------------------+-------------+------------+--------------+---------+-----------+------+--------------+------------+-----------------------------------------------------------------------------------------------------------------+--------------------+--------------+
; |tone_generator_qip                            ; 266 (0)             ; 76 (0)                    ; 0           ; 0          ; 0            ; 0       ; 0         ; 26   ; 0            ; 0          ; |tone_generator_qip                                                                                             ; tone_generator_qip ; work         ;
;    |DAC16:dac|                                 ; 266 (63)            ; 76 (53)                   ; 0           ; 0          ; 0            ; 0       ; 0         ; 0    ; 0            ; 0          ; |tone_generator_qip|DAC16:dac                                                                                   ; DAC16              ; work         ;
;       |raw_sine_wave:sine_wave|                ; 203 (0)             ; 23 (0)                    ; 0           ; 0          ; 0            ; 0       ; 0         ; 0    ; 0            ; 0          ; |tone_generator_qip|DAC16:dac|raw_sine_wave:sine_wave                                                           ; raw_sine_wave      ; work         ;
;          |enable_sine_wave:u_enable_sine_wave| ; 203 (17)            ; 23 (16)                   ; 0           ; 0          ; 0            ; 0       ; 0         ; 0    ; 0            ; 0          ; |tone_generator_qip|DAC16:dac|raw_sine_wave:sine_wave|enable_sine_wave:u_enable_sine_wave                       ; enable_sine_wave   ; work         ;
;             |Sine_Wave:u_Sine_Wave|            ; 186 (186)           ; 7 (7)                     ; 0           ; 0          ; 0            ; 0       ; 0         ; 0    ; 0            ; 0          ; |tone_generator_qip|DAC16:dac|raw_sine_wave:sine_wave|enable_sine_wave:u_enable_sine_wave|Sine_Wave:u_Sine_Wave ; Sine_Wave          ; work         ;
+------------------------------------------------+---------------------+---------------------------+-------------+------------+--------------+---------+-----------+------+--------------+------------+-----------------------------------------------------------------------------------------------------------------+--------------------+--------------+
Note: For table entries with two numbers listed, the numbers in parentheses indicate the number of resources of the given type used by the specific entity alone. The numbers listed outside of parentheses indicate the total resources of the given type used by the specific entity and all of its sub-entities in the hierarchy.


Encoding Type:  One-Hot
+-----------------------------------------------------------------------------------+
; State Machine - |tone_generator_qip|DAC16:dac|ST                                  ;
+-------------+-------------+-------------+-------------+-------------+-------------+
; Name        ; ST.00000011 ; ST.00000010 ; ST.00000001 ; ST.00000000 ; ST.00000100 ;
+-------------+-------------+-------------+-------------+-------------+-------------+
; ST.00000000 ; 0           ; 0           ; 0           ; 0           ; 0           ;
; ST.00000001 ; 0           ; 0           ; 1           ; 1           ; 0           ;
; ST.00000010 ; 0           ; 1           ; 0           ; 1           ; 0           ;
; ST.00000011 ; 1           ; 0           ; 0           ; 1           ; 0           ;
; ST.00000100 ; 0           ; 0           ; 0           ; 1           ; 1           ;
+-------------+-------------+-------------+-------------+-------------+-------------+


+------------------------------------------------------------+
; Registers Removed During Synthesis                         ;
+---------------------------------------+--------------------+
; Register name                         ; Reason for Removal ;
+---------------------------------------+--------------------+
; DAC16:dac|ST~4                        ; Lost fanout        ;
; DAC16:dac|ST~5                        ; Lost fanout        ;
; DAC16:dac|ST~7                        ; Lost fanout        ;
; DAC16:dac|ST~8                        ; Lost fanout        ;
; DAC16:dac|ST~9                        ; Lost fanout        ;
; DAC16:dac|ST~10                       ; Lost fanout        ;
; DAC16:dac|ST~11                       ; Lost fanout        ;
; Total Number of Removed Registers = 7 ;                    ;
+---------------------------------------+--------------------+


+------------------------------------------------------+
; General Register Statistics                          ;
+----------------------------------------------+-------+
; Statistic                                    ; Value ;
+----------------------------------------------+-------+
; Total registers                              ; 76    ;
; Number of registers using Synchronous Clear  ; 13    ;
; Number of registers using Synchronous Load   ; 31    ;
; Number of registers using Asynchronous Clear ; 16    ;
; Number of registers using Asynchronous Load  ; 0     ;
; Number of registers using Clock Enable       ; 47    ;
; Number of registers using Preset             ; 0     ;
+----------------------------------------------+-------+


+--------------------------------------------------+
; Inverted Register Statistics                     ;
+----------------------------------------+---------+
; Inverted Register                      ; Fan out ;
+----------------------------------------+---------+
; DAC16:dac|SYNC                         ; 2       ;
; Total number of inverted registers = 1 ;         ;
+----------------------------------------+---------+


+--------------------------------------------------------------------------------------------------------------------------------------------------------------------------------------------------------------------------------------------------+
; Multiplexer Restructuring Statistics (Restructuring Performed)                                                                                                                                                                                   ;
+--------------------+-----------+---------------+----------------------+------------------------+------------+------------------------------------------------------------------------------------------------------------------------------------+
; Multiplexer Inputs ; Bus Width ; Baseline Area ; Area if Restructured ; Saving if Restructured ; Registered ; Example Multiplexer Output                                                                                                         ;
+--------------------+-----------+---------------+----------------------+------------------------+------------+------------------------------------------------------------------------------------------------------------------------------------+
; 3:1                ; 15 bits   ; 30 LEs        ; 15 LEs               ; 15 LEs                 ; Yes        ; |tone_generator_qip|DAC16:dac|RDATA[15]                                                                                            ;
; 3:1                ; 7 bits    ; 14 LEs        ; 14 LEs               ; 0 LEs                  ; No         ; |tone_generator_qip|DAC16:dac|raw_sine_wave:sine_wave|enable_sine_wave:u_enable_sine_wave|Sine_Wave:u_Sine_Wave|Lookup_Table3_k[3] ;
+--------------------+-----------+---------------+----------------------+------------------------+------------+------------------------------------------------------------------------------------------------------------------------------------+


+-------------------------------------------------------------------------------------------------------------------------------------------+
; Port Connectivity Checks: "DAC16:dac|raw_sine_wave:sine_wave"                                                                             ;
+------------+--------+----------+----------------------------------------------------------------------------------------------------------+
; Port       ; Type   ; Severity ; Details                                                                                                  ;
+------------+--------+----------+----------------------------------------------------------------------------------------------------------+
; reset      ; Input  ; Info     ; Stuck at GND                                                                                             ;
; clk_enable ; Input  ; Info     ; Stuck at VCC                                                                                             ;
; ce_out     ; Output ; Warning  ; Declared by entity but not connected by instance. Logic that only feeds a dangling port will be removed. ;
+------------+--------+----------+----------------------------------------------------------------------------------------------------------+


+--------------------------------------------------------------------------------------------------------------------------------------+
; Port Connectivity Checks: "DAC16:dac"                                                                                                ;
+-------+--------+----------+----------------------------------------------------------------------------------------------------------+
; Port  ; Type   ; Severity ; Details                                                                                                  ;
+-------+--------+----------+----------------------------------------------------------------------------------------------------------+
; TR_CK ; Output ; Warning  ; Declared by entity but not connected by instance. Logic that only feeds a dangling port will be removed. ;
+-------+--------+----------+----------------------------------------------------------------------------------------------------------+


+-----------------------------------------------------+
; Post-Synthesis Netlist Statistics for Top Partition ;
+-----------------------+-----------------------------+
; Type                  ; Count                       ;
+-----------------------+-----------------------------+
; boundary_port         ; 26                          ;
; cycloneiii_ff         ; 76                          ;
;     CLR               ; 8                           ;
;     CLR SLD           ; 8                           ;
;     ENA               ; 17                          ;
;     ENA SCLR          ; 7                           ;
;     ENA SLD           ; 23                          ;
;     SCLR              ; 6                           ;
;     plain             ; 7                           ;
; cycloneiii_lcell_comb ; 267                         ;
;     arith             ; 33                          ;
;         2 data inputs ; 33                          ;
;     normal            ; 234                         ;
;         1 data inputs ; 6                           ;
;         2 data inputs ; 18                          ;
;         3 data inputs ; 44                          ;
;         4 data inputs ; 166                         ;
;                       ;                             ;
; Max LUT depth         ; 7.50                        ;
; Average LUT depth     ; 4.58                        ;
+-----------------------+-----------------------------+


+-------------------------------+
; Elapsed Time Per Partition    ;
+----------------+--------------+
; Partition Name ; Elapsed Time ;
+----------------+--------------+
; Top            ; 00:00:02     ;
+----------------+--------------+


+-------------------------------+
; Analysis & Synthesis Messages ;
+-------------------------------+
Info: *******************************************************************
Info: Running Quartus Prime Analysis & Synthesis
    Info: Version 20.1.0 Build 711 06/05/2020 SJ Lite Edition
    Info: Processing started: Fri Feb 19 20:39:52 2021
Info: Command: quartus_map --read_settings_files=on --write_settings_files=off Tone_Generator -c tone_generator_qip
Warning (18236): Number of processors has not been specified which may cause overloading on shared machines.  Set the global assignment NUM_PARALLEL_PROCESSORS in your QSF to an appropriate value for best performance.
Info (20030): Parallel compilation is enabled and will use 8 of the 8 processors detected
Info (12021): Found 1 design units, including 1 entities, in source file /salukat/purificador/softwaredevelopment/max_10_neek/sine_wave/sine_wave/sine_wave.v
    Info (12023): Found entity 1: Sine_Wave File: C:/Salukat/Purificador/SoftwareDevelopment/Max_10_NEEK/Sine_Wave/sine_wave/Sine_Wave.v Line: 23
Info (12021): Found 1 design units, including 1 entities, in source file /salukat/purificador/softwaredevelopment/max_10_neek/sine_wave/sine_wave/raw_sine_wave.v
    Info (12023): Found entity 1: raw_sine_wave File: C:/Salukat/Purificador/SoftwareDevelopment/Max_10_NEEK/Sine_Wave/sine_wave/raw_sine_wave.v Line: 40
Info (12021): Found 1 design units, including 1 entities, in source file /salukat/purificador/softwaredevelopment/max_10_neek/sine_wave/sine_wave/enable_sine_wave.v
    Info (12023): Found entity 1: enable_sine_wave File: C:/Salukat/Purificador/SoftwareDevelopment/Max_10_NEEK/Sine_Wave/sine_wave/enable_sine_wave.v Line: 21
Info (12021): Found 1 design units, including 1 entities, in source file pll100.v
    Info (12023): Found entity 1: pll100 File: C:/Salukat/Purificador/SoftwareDevelopment/Max_10_NEEK/Tone_Generator/pll100.v Line: 40
Info (12021): Found 1 design units, including 1 entities, in source file dac16.v
    Info (12023): Found entity 1: DAC16 File: C:/Salukat/Purificador/SoftwareDevelopment/Max_10_NEEK/Tone_Generator/DAC16.v Line: 1
Info (12021): Found 1 design units, including 1 entities, in source file tone_generator_qip.v
    Info (12023): Found entity 1: tone_generator_qip File: C:/Salukat/Purificador/SoftwareDevelopment/Max_10_NEEK/Tone_Generator/tone_generator_qip.v Line: 1
Info (12127): Elaborating entity "tone_generator_qip" for the top level hierarchy
Info (12128): Elaborating entity "DAC16" for hierarchy "DAC16:dac" File: C:/Salukat/Purificador/SoftwareDevelopment/Max_10_NEEK/Tone_Generator/tone_generator_qip.v Line: 25
Warning (10230): Verilog HDL assignment warning at DAC16.v(66): truncated value with size 32 to match size of target (8) File: C:/Salukat/Purificador/SoftwareDevelopment/Max_10_NEEK/Tone_Generator/DAC16.v Line: 66
Warning (10230): Verilog HDL assignment warning at DAC16.v(110): truncated value with size 32 to match size of target (6) File: C:/Salukat/Purificador/SoftwareDevelopment/Max_10_NEEK/Tone_Generator/DAC16.v Line: 110
Info (12128): Elaborating entity "raw_sine_wave" for hierarchy "DAC16:dac|raw_sine_wave:sine_wave" File: C:/Salukat/Purificador/SoftwareDevelopment/Max_10_NEEK/Tone_Generator/DAC16.v Line: 126
Info (12128): Elaborating entity "enable_sine_wave" for hierarchy "DAC16:dac|raw_sine_wave:sine_wave|enable_sine_wave:u_enable_sine_wave" File: C:/Salukat/Purificador/SoftwareDevelopment/Max_10_NEEK/Sine_Wave/sine_wave/raw_sine_wave.v Line: 66
Info (12128): Elaborating entity "Sine_Wave" for hierarchy "DAC16:dac|raw_sine_wave:sine_wave|enable_sine_wave:u_enable_sine_wave|Sine_Wave:u_Sine_Wave" File: C:/Salukat/Purificador/SoftwareDevelopment/Max_10_NEEK/Sine_Wave/sine_wave/enable_sine_wave.v Line: 50
Warning (12241): 2 hierarchies have connectivity warnings - see the Connectivity Checks report folder
Info (13000): Registers with preset signals will power-up high File: C:/Salukat/Purificador/SoftwareDevelopment/Max_10_NEEK/Tone_Generator/DAC16.v Line: 5
Info (13003): DEV_CLRn pin will set, and not reset, register with preset signal due to NOT Gate Push-Back
Info (286030): Timing-Driven Synthesis is running
Info (17049): 7 registers lost all their fanouts during netlist optimizations.
Info (16010): Generating hard_block partition "hard_block:auto_generated_inst"
    Info (16011): Adding 0 node(s), including 0 DDIO, 0 PLL, 0 transceiver and 0 LCELL
Info (21057): Implemented 330 device resources after synthesis - the final resource count might be different
    Info (21058): Implemented 7 input pins
    Info (21059): Implemented 19 output pins
    Info (21061): Implemented 304 logic cells
Info: Quartus Prime Analysis & Synthesis was successful. 0 errors, 4 warnings
    Info: Peak virtual memory: 4803 megabytes
    Info: Processing ended: Fri Feb 19 20:40:08 2021
    Info: Elapsed time: 00:00:16
    Info: Total CPU time (on all processors): 00:00:32


